[Type Error] Type mismatch during assignement at example/compilation/errors/semantic/array/assignement.txt:25:26.
  Cannot assign expression of type 'float' to array 'my_struct[2].jour' of type 'int'.
  Please ensure the expression type is compatible with the array type.

[Type Error] Type mismatch during assignement at example/compilation/errors/semantic/array/assignement.txt:26:25.
  Cannot assign expression of type 'int' to array 'my_struct[2].annee' of type 'float'.
  Please ensure the expression type is compatible with the array type.

[Semantic Error] Undeclared variable at example/compilation/errors/semantic/array/assignement.txt:27:31.
  The variable 'j' is used before being defined or declared.
  Ensure the variable is declared in the correct scope before use.

[Type Error] Type mismatch during assignement at example/compilation/errors/semantic/array/assignement.txt:27:64.
  Cannot assign expression of type 'int' to array 'my_struct[2, ((main(4) * (2 + j)) + my_struct[2].jour)].annee' of type 'float'.
  Please ensure the expression type is compatible with the array type.

[Type Error] Type mismatch during assignement at example/compilation/errors/semantic/array/assignement.txt:28:16.
  Cannot assign expression of type 'int' to variable 'my_struct' of type 'elem'.
  Ensure that the expression type matches the expected type for the variable.

[Type Error] Type mismatch during assignement at example/compilation/errors/semantic/array/assignement.txt:29:29.
  Cannot assign expression of type 'float' to array 'my_struct[2].jour' of type 'int'.
  Please ensure the expression type is compatible with the array type.

Verbose mode enabled. Printing tables and ast...

+----------------------------+
| Lexeme Table: 22 entries   |
+------------+----------------------+------------+------------+
| Index      | Lexeme               | Length     | Next       |
+------------+----------------------+------------+------------+
| 0          | int                  | 3          | -1         |
| 1          | float                | 5          | -1         |
| 2          | bool                 | 4          | -1         |
| 3          | char                 | 4          | 4          |
+------------+----------------------+------------+------------+
| 4          | date                 | 4          | -1         |
| 5          | jour                 | 4          | 12         |
| 6          | mois                 | 4          | 18         |
| 7          | annee                | 5          | -1         |
| 8          | elem                 | 4          | -1         |
| 9          | 1                    | 1          | -1         |
| 10         | 5                    | 1          | -1         |
| 11         | my_struct            | 9          | 21         |
| 12         | test                 | 4          | -1         |
| 13         | 1.0                  | 3          | -1         |
| 14         | main                 | 4          | -1         |
| 15         | a                    | 1          | -1         |
| 16         | 0                    | 1          | -1         |
| 17         | 2                    | 1          | -1         |
| 18         | 8                    | 1          | -1         |
| 19         | 5.0                  | 3          | -1         |
| 20         | 4                    | 1          | -1         |
| 21         | j                    | 1          | -1         |
+------------+----------------------+------------+------------+

+--------------+
| Hash Table   |
+------------+----------------------+
| Hash       | Lexicographic Index  |
+------------+----------------------+
| 0          | 12                   |
| 1          | 15                   |
| 3          | 8                    |
| 5          | 14                   |
| 7          | 7                    |
| 10         | 21                   |
| 11         | 0                    |
| 12         | 2                    |
| 15         | 13                   |
| 16         | 16                   |
| 17         | 9                    |
| 18         | 17                   |
| 19         | 19                   |
| 20         | 20                   |
| 21         | 10                   |
| 22         | 1                    |
| 24         | 18                   |
| 30         | 4                    |
+------------+----------------------+

+---------------------+
| Declaration Table   |
+------------+-----------------+------------+-----------------+-----------------+-----------------+
| Index      | Nature          | Suivant    | Région         | Description     | Exécution      |
+------------+-----------------+------------+-----------------+-----------------+-----------------+
| 0          | TYPE_BASE       | -1         | 0               | 0               | 1               |
| 1          | TYPE_BASE       | -1         | 0               | 1               | 1               |
| 2          | TYPE_BASE       | -1         | 0               | 2               | 1               |
| 3          | TYPE_BASE       | -1         | 0               | 3               | 1               |
+------------+-----------------+------------+-----------------+-----------------+-----------------+
| 4          | TYPE_STRUCT     | -1         | 0               | 0               | 3               |
| 8          | TYPE_ARRAY      | -1         | 0               | 10              | 15              |
| 11         | TYPE_VAR        | -1         | 0               | 8               | 0               |
| 12         | TYPE_FUNC       | -1         | 0               | 14              | 1               |
| 14         | TYPE_FUNC       | -1         | 0               | 16              | 2               |
| 15         | TYPE_PARAM      | -1         | 2               | 0               | 2               |
+------------+-----------------+------------+-----------------+-----------------+-----------------+

+------------------------+
| Representation Table   |
+------------+----------------------+
| Index      | Value                |
+------------+----------------------+
| 0          | 3                    |
| 1          | 5                    |
| 2          | 0                    |
| 3          | 0                    |
| 4          | 6                    |
| 5          | 0                    |
| 6          | 1                    |
| 7          | 7                    |
| 8          | 1                    |
| 9          | 2                    |
| 10         | 4                    |
| 11         | 1                    |
| 12         | 1                    |
| 13         | 5                    |
| 14         | 1                    |
| 15         | 0                    |
| 16         | 0                    |
| 17         | 1                    |
| 18         | 15                   |
| 19         | 0                    |
+------------+----------------------+

+----------------+
| Region Table   |
+------------+------------+------------+------------+
| Index      | Size       | NIS        | AST        |
+------------+------------+------------+------------+
| 0          | 15         | 0          | -1         |
| 1          | 2          | 1          | -1         |
| 2          | 3          | 1          | -1         |
+------------+------------+------------+------------+

+----------------+
| Region 0 AST   |
+------------------------------------------------------------------------+
Root of the AST:
├── A_PROGRAM, Lexico Idx: -1, Decl Idx: -1
│   ├── A_DECLARATION_LIST, Lexico Idx: -1, Decl Idx: -1
│   │   ├── A_TYPE_STRUCT_DECLARATION, Lexico Idx: 4, Decl Idx: 4 -- Lexeme: 'date'
│   │   │   ├── A_STRUCT_FIELD_LIST, Lexico Idx: -1, Decl Idx: -1
│   │   │   │   ├── A_STRUCT_FIELD, Lexico Idx: 7, Decl Idx: 1 -- Lexeme: 'annee'
│   │   │   │   └── A_STRUCT_FIELD, Lexico Idx: 6, Decl Idx: 0 -- Lexeme: 'mois'
│   │   │   │   └── A_STRUCT_FIELD, Lexico Idx: 5, Decl Idx: 0 -- Lexeme: 'jour'
│   │   └── A_TYPE_ARRAY_DECLARATION, Lexico Idx: 8, Decl Idx: 8 -- Lexeme: 'elem'
│   │   └── A_VARIABLE_DECLARATION, Lexico Idx: 11, Decl Idx: 11 -- Lexeme: 'my_struct'
│   │   └── A_FUNCTION_DECLARATION, Lexico Idx: 12, Decl Idx: 12 -- Lexeme: 'test'
│   │   └── A_FUNCTION_DECLARATION, Lexico Idx: 14, Decl Idx: 14 -- Lexeme: 'main'
│   └── A_STATEMENT_LIST, Lexico Idx: -1, Decl Idx: -1
│   │   ├── A_ASSIGNMENT_STATEMENT, Lexico Idx: -1, Decl Idx: -1
│   │   │   ├── A_ARRAY_ASSIGNMENT, Lexico Idx: -1, Decl Idx: -1
│   │   │   │   ├── A_ARRAY_ACCESS, Lexico Idx: 11, Decl Idx: 11 -- Lexeme: 'my_struct'
│   │   │   │   │   ├── A_ARRAY_INDEX_LIST, Lexico Idx: -1, Decl Idx: -1
│   │   │   │   │   │   ├── A_ARRAY_INDEX, Lexico Idx: -1, Decl Idx: -1
│   │   │   │   │   │   │   ├── A_INTEGER_LITERAL, Lexico Idx: 17, Decl Idx: -1 -- Lexeme: '2'
│   │   │   │   │   └── A_STRUCT_FIELD_ACCESS, Lexico Idx: 6, Decl Idx: -1 -- Lexeme: 'mois'
│   │   │   │   └── A_INTEGER_LITERAL, Lexico Idx: 18, Decl Idx: -1 -- Lexeme: '8'
│   │   └── A_ASSIGNMENT_STATEMENT, Lexico Idx: -1, Decl Idx: -1
│   │   │   ├── A_ARRAY_ASSIGNMENT, Lexico Idx: -1, Decl Idx: -1
│   │   │   │   ├── A_ARRAY_ACCESS, Lexico Idx: 11, Decl Idx: 11 -- Lexeme: 'my_struct'
│   │   │   │   │   ├── A_ARRAY_INDEX_LIST, Lexico Idx: -1, Decl Idx: -1
│   │   │   │   │   │   ├── A_ARRAY_INDEX, Lexico Idx: -1, Decl Idx: -1
│   │   │   │   │   │   │   ├── A_INTEGER_LITERAL, Lexico Idx: 17, Decl Idx: -1 -- Lexeme: '2'
│   │   │   │   │   └── A_STRUCT_FIELD_ACCESS, Lexico Idx: 7, Decl Idx: -1 -- Lexeme: 'annee'
│   │   │   │   └── A_FUNC_PROC_CALL_STATEMENT, Lexico Idx: 12, Decl Idx: 12 -- Lexeme: 'test'
│   │   └── A_ASSIGNMENT_STATEMENT, Lexico Idx: -1, Decl Idx: -1
│   │   │   ├── A_ARRAY_ASSIGNMENT, Lexico Idx: -1, Decl Idx: -1
│   │   │   │   ├── A_ARRAY_ACCESS, Lexico Idx: 11, Decl Idx: 11 -- Lexeme: 'my_struct'
│   │   │   │   │   ├── A_ARRAY_INDEX_LIST, Lexico Idx: -1, Decl Idx: -1
│   │   │   │   │   │   ├── A_ARRAY_INDEX, Lexico Idx: -1, Decl Idx: -1
│   │   │   │   │   │   │   ├── A_INTEGER_LITERAL, Lexico Idx: 17, Decl Idx: -1 -- Lexeme: '2'
│   │   │   │   │   └── A_STRUCT_FIELD_ACCESS, Lexico Idx: 5, Decl Idx: -1 -- Lexeme: 'jour'
│   │   │   │   └── A_FLOAT_LITERAL, Lexico Idx: 19, Decl Idx: -1 -- Lexeme: '5.0'
│   │   └── A_ASSIGNMENT_STATEMENT, Lexico Idx: -1, Decl Idx: -1
│   │   │   ├── A_ARRAY_ASSIGNMENT, Lexico Idx: -1, Decl Idx: -1
│   │   │   │   ├── A_ARRAY_ACCESS, Lexico Idx: 11, Decl Idx: 11 -- Lexeme: 'my_struct'
│   │   │   │   │   ├── A_ARRAY_INDEX_LIST, Lexico Idx: -1, Decl Idx: -1
│   │   │   │   │   │   ├── A_ARRAY_INDEX, Lexico Idx: -1, Decl Idx: -1
│   │   │   │   │   │   │   ├── A_INTEGER_LITERAL, Lexico Idx: 17, Decl Idx: -1 -- Lexeme: '2'
│   │   │   │   │   └── A_STRUCT_FIELD_ACCESS, Lexico Idx: 7, Decl Idx: -1 -- Lexeme: 'annee'
│   │   │   │   └── A_INTEGER_LITERAL, Lexico Idx: 10, Decl Idx: -1 -- Lexeme: '5'
│   │   └── A_ASSIGNMENT_STATEMENT, Lexico Idx: -1, Decl Idx: -1
│   │   │   ├── A_ARRAY_ASSIGNMENT, Lexico Idx: -1, Decl Idx: -1
│   │   │   │   ├── A_ARRAY_ACCESS, Lexico Idx: 11, Decl Idx: 11 -- Lexeme: 'my_struct'
│   │   │   │   │   ├── A_ARRAY_INDEX_LIST, Lexico Idx: -1, Decl Idx: -1
│   │   │   │   │   │   ├── A_ARRAY_INDEX, Lexico Idx: -1, Decl Idx: -1
│   │   │   │   │   │   │   ├── A_INTEGER_LITERAL, Lexico Idx: 17, Decl Idx: -1 -- Lexeme: '2'
│   │   │   │   │   │   └── A_ARRAY_INDEX, Lexico Idx: -1, Decl Idx: -1
│   │   │   │   │   │   │   ├── A_ADD_OP, Lexico Idx: -1, Decl Idx: -1
│   │   │   │   │   │   │   │   ├── A_MUL_OP, Lexico Idx: -1, Decl Idx: -1
│   │   │   │   │   │   │   │   │   ├── A_FUNC_PROC_CALL_STATEMENT, Lexico Idx: 14, Decl Idx: 14 -- Lexeme: 'main'
│   │   │   │   │   │   │   │   │   │   ├── A_ARGUMENT_LIST, Lexico Idx: -1, Decl Idx: -1
│   │   │   │   │   │   │   │   │   │   │   ├── A_ARGUMENT, Lexico Idx: -1, Decl Idx: -1
│   │   │   │   │   │   │   │   │   │   │   │   ├── A_INTEGER_LITERAL, Lexico Idx: 20, Decl Idx: -1 -- Lexeme: '4'
│   │   │   │   │   │   │   │   │   └── A_ADD_OP, Lexico Idx: -1, Decl Idx: -1
│   │   │   │   │   │   │   │   │   │   ├── A_INTEGER_LITERAL, Lexico Idx: 17, Decl Idx: -1 -- Lexeme: '2'
│   │   │   │   │   │   │   │   │   │   └── A_IDENTIFIER, Lexico Idx: 21, Decl Idx: -1 -- Lexeme: 'j'
│   │   │   │   │   │   │   │   └── A_ARRAY_ACCESS, Lexico Idx: 11, Decl Idx: 11 -- Lexeme: 'my_struct'
│   │   │   │   │   │   │   │   │   ├── A_ARRAY_INDEX_LIST, Lexico Idx: -1, Decl Idx: -1
│   │   │   │   │   │   │   │   │   │   ├── A_ARRAY_INDEX, Lexico Idx: -1, Decl Idx: -1
│   │   │   │   │   │   │   │   │   │   │   ├── A_INTEGER_LITERAL, Lexico Idx: 17, Decl Idx: -1 -- Lexeme: '2'
│   │   │   │   │   │   │   │   │   └── A_STRUCT_FIELD_ACCESS, Lexico Idx: 5, Decl Idx: -1 -- Lexeme: 'jour'
│   │   │   │   │   └── A_STRUCT_FIELD_ACCESS, Lexico Idx: 7, Decl Idx: -1 -- Lexeme: 'annee'
│   │   │   │   └── A_INTEGER_LITERAL, Lexico Idx: 10, Decl Idx: -1 -- Lexeme: '5'
│   │   └── A_ASSIGNMENT_STATEMENT, Lexico Idx: -1, Decl Idx: -1
│   │   │   ├── A_VARIABLE_ASSIGNMENT, Lexico Idx: 11, Decl Idx: 11 -- Lexeme: 'my_struct'
│   │   │   │   ├── A_INTEGER_LITERAL, Lexico Idx: 10, Decl Idx: -1 -- Lexeme: '5'
│   │   └── A_ASSIGNMENT_STATEMENT, Lexico Idx: -1, Decl Idx: -1
│   │   │   ├── A_ARRAY_ASSIGNMENT, Lexico Idx: -1, Decl Idx: -1
│   │   │   │   ├── A_ARRAY_ACCESS, Lexico Idx: 11, Decl Idx: 11 -- Lexeme: 'my_struct'
│   │   │   │   │   ├── A_ARRAY_INDEX_LIST, Lexico Idx: -1, Decl Idx: -1
│   │   │   │   │   │   ├── A_ARRAY_INDEX, Lexico Idx: -1, Decl Idx: -1
│   │   │   │   │   │   │   ├── A_INTEGER_LITERAL, Lexico Idx: 17, Decl Idx: -1 -- Lexeme: '2'
│   │   │   │   │   └── A_STRUCT_FIELD_ACCESS, Lexico Idx: 5, Decl Idx: -1 -- Lexeme: 'jour'
│   │   │   │   └── A_FUNC_PROC_CALL_STATEMENT, Lexico Idx: 12, Decl Idx: 12 -- Lexeme: 'test'
+------------------------------------------------------------------------+


+----------------+
| Region 1 AST   |
+------------------------------------------------------------------------+
Root of the AST:
├── A_FUNCTION_DECLARATION, Lexico Idx: 12, Decl Idx: 12 -- Lexeme: 'test'
│   ├── A_STATEMENT_LIST, Lexico Idx: -1, Decl Idx: -1
│   │   ├── A_RETURN_STATEMENT, Lexico Idx: -1, Decl Idx: -1
│   │   │   ├── A_FLOAT_LITERAL, Lexico Idx: 13, Decl Idx: -1 -- Lexeme: '1.0'
+------------------------------------------------------------------------+


+----------------+
| Region 2 AST   |
+------------------------------------------------------------------------+
Root of the AST:
├── A_FUNCTION_DECLARATION, Lexico Idx: 14, Decl Idx: 14 -- Lexeme: 'main'
│   ├── A_PARAMETER_LIST, Lexico Idx: -1, Decl Idx: -1
│   │   ├── A_PARAMETER, Lexico Idx: 15, Decl Idx: 15 -- Lexeme: 'a'
│   └── A_STATEMENT_LIST, Lexico Idx: -1, Decl Idx: -1
│   │   ├── A_RETURN_STATEMENT, Lexico Idx: -1, Decl Idx: -1
│   │   │   ├── A_INTEGER_LITERAL, Lexico Idx: 16, Decl Idx: -1 -- Lexeme: '0'
+------------------------------------------------------------------------+

