[Semantic Error] Redefinition of function 'main' at example/compilation/errors/semantic/func_proc/redefined.arn:7:10.
  This identifier 'main' has already been defined.
  Consider renaming or modifying the existing definition.

[Semantic Error] Redefinition of procedure 'main' at example/compilation/errors/semantic/func_proc/redefined.arn:11:10.
  This identifier 'main' has already been defined.
  Consider renaming or modifying the existing definition.

Verbose mode enabled. Printing tables and ast...

+---------------------------+
| Lexeme Table: 6 entries   |
+------------+----------------------+------------+------------+
| Index      | Lexeme               | Length     | Next       |
+------------+----------------------+------------+------------+
| 0          | int                  | 3          | -1         |
| 1          | float                | 5          | -1         |
| 2          | bool                 | 4          | -1         |
| 3          | char                 | 4          | -1         |
+------------+----------------------+------------+------------+
| 4          | main                 | 4          | -1         |
| 5          | 0                    | 1          | -1         |
+------------+----------------------+------------+------------+

+--------------+
| Hash Table   |
+------------+----------------------+
| Hash       | Lexicographic Index  |
+------------+----------------------+
| 5          | 4                    |
| 11         | 0                    |
| 12         | 2                    |
| 16         | 5                    |
| 22         | 1                    |
| 30         | 3                    |
+------------+----------------------+

+---------------------+
| Declaration Table   |
+------------+-----------------+------------+-----------------+-----------------+-----------------+
| Index      | Nature          | Suivant    | Région         | Description     | Exécution      |
+------------+-----------------+------------+-----------------+-----------------+-----------------+
| 0          | TYPE_BASE       | -1         | 0               | 0               | 1               |
| 1          | TYPE_BASE       | -1         | 0               | 1               | 1               |
| 2          | TYPE_BASE       | -1         | 0               | 2               | 1               |
| 3          | TYPE_BASE       | -1         | 0               | 3               | 1               |
+------------+-----------------+------------+-----------------+-----------------+-----------------+
| 4          | TYPE_FUNC       | 500        | 0               | 0               | 1               |
+------------+-----------------+------------+-----------------+-----------------+-----------------+
+------------+-----------------+------------+-----------------+-----------------+-----------------+
| 500        | TYPE_FUNC       | 501        | 0               | 2               | 2               |
| 501        | TYPE_PROC       | -1         | 0               | 4               | 3               |
+------------+-----------------+------------+-----------------+-----------------+-----------------+

+------------------------+
| Representation Table   |
+------------+----------------------+
| Index      | Value                |
+------------+----------------------+
| 0          | 0                    |
| 1          | 0                    |
| 2          | 0                    |
| 3          | 0                    |
| 4          | 0                    |
+------------+----------------------+

+----------------+
| Region Table   |
+------------+------------+------------+------------+
| Index      | Size       | NIS        | AST        |
+------------+------------+------------+------------+
| 0          | 0          | 0          | -1         |
| 1          | 2          | 1          | -1         |
| 2          | 2          | 1          | -1         |
| 3          | 2          | 1          | -1         |
+------------+------------+------------+------------+

+----------------+
| Region 0 AST   |
+------------------------------------------------------------------------+
Root of the AST:
├── A_PROGRAM, Lexico Idx: -1, Decl Idx: -1
│   ├── A_DECLARATION_LIST, Lexico Idx: -1, Decl Idx: -1
│   │   ├── A_FUNCTION_DECLARATION, Lexico Idx: 4, Decl Idx: 4 -- Lexeme: 'main'
│   │   └── A_FUNCTION_DECLARATION, Lexico Idx: 4, Decl Idx: 500 -- Lexeme: 'main'
│   │   └── A_PROCEDURE_DECLARATION, Lexico Idx: 4, Decl Idx: 501 -- Lexeme: 'main'
+------------------------------------------------------------------------+


+----------------+
| Region 1 AST   |
+------------------------------------------------------------------------+
Root of the AST:
├── A_FUNCTION_DECLARATION, Lexico Idx: 4, Decl Idx: 4 -- Lexeme: 'main'
│   ├── A_STATEMENT_LIST, Lexico Idx: -1, Decl Idx: -1
│   │   ├── A_RETURN_STATEMENT, Lexico Idx: -1, Decl Idx: -1
│   │   │   ├── A_INTEGER_LITERAL, Lexico Idx: 5, Decl Idx: -1 -- Lexeme: '0'
+------------------------------------------------------------------------+


+----------------+
| Region 2 AST   |
+------------------------------------------------------------------------+
Root of the AST:
├── A_FUNCTION_DECLARATION, Lexico Idx: 4, Decl Idx: 500 -- Lexeme: 'main'
│   ├── A_STATEMENT_LIST, Lexico Idx: -1, Decl Idx: -1
│   │   ├── A_RETURN_STATEMENT, Lexico Idx: -1, Decl Idx: -1
│   │   │   ├── A_INTEGER_LITERAL, Lexico Idx: 5, Decl Idx: -1 -- Lexeme: '0'
+------------------------------------------------------------------------+


+----------------+
| Region 3 AST   |
+------------------------------------------------------------------------+
Root of the AST:
├── A_PROCEDURE_DECLARATION, Lexico Idx: 4, Decl Idx: 501 -- Lexeme: 'main'
+------------------------------------------------------------------------+

