[Type Error] Type mismatch for argument 1 at example/compilation/errors/semantic/func_proc/predefined/input_proc.arn:22:39.
  Input entity 1 has type 'float', but specifier 'd' requires a different type.
  Ensure the input type matches the expected type for the specifier.

[Semantic Error] Argument mismatch in format string at example/compilation/errors/semantic/func_proc/predefined/input_proc.arn:23:35.
  Format string expects 1 arguments, but 2 were provided.
  Ensure the correct number of arguments are passed to match the format string.

[Semantic Error] Argument mismatch in format string at example/compilation/errors/semantic/func_proc/predefined/input_proc.arn:24:22.
  Format string expects 2 arguments, but 1 were provided.
  Ensure the correct number of arguments are passed to match the format string.

Verbose mode enabled. Printing tables and ast...

+----------------------------+
| Lexeme Table: 18 entries   |
+------------+----------------------+------------+------------+
| Index      | Lexeme               | Length     | Next       |
+------------+----------------------+------------+------------+
| 0          | int                  | 3          | -1         |
| 1          | float                | 5          | -1         |
| 2          | bool                 | 4          | -1         |
| 3          | char                 | 4          | 9          |
+------------+----------------------+------------+------------+
| 4          | x                    | 1          | 11         |
| 5          | name                 | 4          | -1         |
| 6          | tab                  | 3          | -1         |
| 7          | 1                    | 1          | -1         |
| 8          | 3                    | 1          | -1         |
| 9          | date                 | 4          | -1         |
| 10         | jour                 | 4          | -1         |
| 11         | mois                 | 4          | -1         |
| 12         | annee                | 5          | -1         |
| 13         | my_struct            | 9          | -1         |
| 14         | "%d %c"              | 7          | 17         |
| 15         | 0                    | 1          | -1         |
| 16         | "%d"                 | 4          | -1         |
| 17         | "%c %d"              | 7          | -1         |
+------------+----------------------+------------+------------+

+--------------+
| Hash Table   |
+------------+----------------------+
| Hash       | Lexicographic Index  |
+------------+----------------------+
| 0          | 10                   |
| 1          | 5                    |
| 7          | 12                   |
| 10         | 13                   |
| 11         | 0                    |
| 12         | 2                    |
| 13         | 16                   |
| 16         | 15                   |
| 17         | 7                    |
| 19         | 8                    |
| 21         | 17                   |
| 22         | 1                    |
| 23         | 6                    |
| 24         | 11                   |
| 30         | 9                    |
+------------+----------------------+

+---------------------+
| Declaration Table   |
+------------+-----------------+------------+-----------------+-----------------+-----------------+
| Index      | Nature          | Suivant    | Région         | Description     | Exécution      |
+------------+-----------------+------------+-----------------+-----------------+-----------------+
| 0          | TYPE_BASE       | -1         | 0               | 0               | 1               |
| 1          | TYPE_BASE       | -1         | 0               | 1               | 1               |
| 2          | TYPE_BASE       | -1         | 0               | 2               | 1               |
| 3          | TYPE_BASE       | -1         | 0               | 3               | 1               |
+------------+-----------------+------------+-----------------+-----------------+-----------------+
| 4          | TYPE_VAR        | -1         | 0               | 0               | 0               |
| 5          | TYPE_VAR        | -1         | 0               | 3               | 1               |
| 6          | TYPE_ARRAY      | -1         | 0               | 0               | 3               |
| 9          | TYPE_STRUCT     | -1         | 0               | 4               | 3               |
| 13         | TYPE_VAR        | -1         | 0               | 9               | 2               |
+------------+-----------------+------------+-----------------+-----------------+-----------------+

+------------------------+
| Representation Table   |
+------------+----------------------+
| Index      | Value                |
+------------+----------------------+
| 0          | 0                    |
| 1          | 1                    |
| 2          | 1                    |
| 3          | 3                    |
| 4          | 3                    |
| 5          | 10                   |
| 6          | 0                    |
| 7          | 0                    |
| 8          | 11                   |
| 9          | 0                    |
| 10         | 1                    |
| 11         | 12                   |
| 12         | 1                    |
| 13         | 2                    |
+------------+----------------------+

+----------------+
| Region Table   |
+------------+------------+------------+------------+
| Index      | Size       | NIS        | AST        |
+------------+------------+------------+------------+
| 0          | 5          | 0          | -1         |
+------------+------------+------------+------------+

+----------------+
| Region 0 AST   |
+------------------------------------------------------------------------+
Root of the AST:
├── A_PROGRAM, Lexico Idx: -1, Decl Idx: -1
│   ├── A_DECLARATION_LIST, Lexico Idx: -1, Decl Idx: -1
│   │   ├── A_VARIABLE_DECLARATION, Lexico Idx: 4, Decl Idx: 4 -- Lexeme: 'x'
│   │   └── A_VARIABLE_DECLARATION, Lexico Idx: 5, Decl Idx: 5 -- Lexeme: 'name'
│   │   └── A_TYPE_ARRAY_DECLARATION, Lexico Idx: 6, Decl Idx: 6 -- Lexeme: 'tab'
│   │   └── A_TYPE_STRUCT_DECLARATION, Lexico Idx: 9, Decl Idx: 9 -- Lexeme: 'date'
│   │   │   ├── A_STRUCT_FIELD_LIST, Lexico Idx: -1, Decl Idx: -1
│   │   │   │   ├── A_STRUCT_FIELD, Lexico Idx: 12, Decl Idx: 1 -- Lexeme: 'annee'
│   │   │   │   └── A_STRUCT_FIELD, Lexico Idx: 11, Decl Idx: 0 -- Lexeme: 'mois'
│   │   │   │   └── A_STRUCT_FIELD, Lexico Idx: 10, Decl Idx: 0 -- Lexeme: 'jour'
│   │   └── A_VARIABLE_DECLARATION, Lexico Idx: 13, Decl Idx: 13 -- Lexeme: 'my_struct'
│   └── A_STATEMENT_LIST, Lexico Idx: -1, Decl Idx: -1
│   │   ├── A_INPUT_STATEMENT, Lexico Idx: -1, Decl Idx: -1
│   │   │   ├── A_ARGUMENT_LIST, Lexico Idx: -1, Decl Idx: -1
│   │   │   │   ├── A_ARGUMENT, Lexico Idx: -1, Decl Idx: -1
│   │   │   │   │   ├── A_IDENTIFIER, Lexico Idx: 4, Decl Idx: 4 -- Lexeme: 'x'
│   │   │   │   └── A_ARGUMENT, Lexico Idx: -1, Decl Idx: -1
│   │   │   │   │   ├── A_IDENTIFIER, Lexico Idx: 5, Decl Idx: 5 -- Lexeme: 'name'
│   │   │   └── A_FORMAT_STRING, Lexico Idx: 14, Decl Idx: -1 -- Lexeme: '"%d %c"'
│   │   └── A_INPUT_STATEMENT, Lexico Idx: -1, Decl Idx: -1
│   │   │   ├── A_ARGUMENT_LIST, Lexico Idx: -1, Decl Idx: -1
│   │   │   │   ├── A_ARGUMENT, Lexico Idx: -1, Decl Idx: -1
│   │   │   │   │   ├── A_ARRAY_ACCESS, Lexico Idx: 6, Decl Idx: 6 -- Lexeme: 'tab'
│   │   │   │   │   │   ├── A_ARRAY_INDEX_LIST, Lexico Idx: -1, Decl Idx: -1
│   │   │   │   │   │   │   ├── A_ARRAY_INDEX, Lexico Idx: -1, Decl Idx: -1
│   │   │   │   │   │   │   │   ├── A_INTEGER_LITERAL, Lexico Idx: 15, Decl Idx: -1 -- Lexeme: '0'
│   │   │   │   └── A_ARGUMENT, Lexico Idx: -1, Decl Idx: -1
│   │   │   │   │   ├── A_IDENTIFIER, Lexico Idx: 5, Decl Idx: 5 -- Lexeme: 'name'
│   │   │   └── A_FORMAT_STRING, Lexico Idx: 14, Decl Idx: -1 -- Lexeme: '"%d %c"'
│   │   └── A_INPUT_STATEMENT, Lexico Idx: -1, Decl Idx: -1
│   │   │   ├── A_ARGUMENT_LIST, Lexico Idx: -1, Decl Idx: -1
│   │   │   │   ├── A_ARGUMENT, Lexico Idx: -1, Decl Idx: -1
│   │   │   │   │   ├── A_STRUCT_FIELD_ACCESS, Lexico Idx: 13, Decl Idx: 13 -- Lexeme: 'my_struct'
│   │   │   │   │   │   ├── A_STRUCT_FIELD_ACCESS, Lexico Idx: 10, Decl Idx: -1 -- Lexeme: 'jour'
│   │   │   │   └── A_ARGUMENT, Lexico Idx: -1, Decl Idx: -1
│   │   │   │   │   ├── A_IDENTIFIER, Lexico Idx: 5, Decl Idx: 5 -- Lexeme: 'name'
│   │   │   └── A_FORMAT_STRING, Lexico Idx: 14, Decl Idx: -1 -- Lexeme: '"%d %c"'
│   │   └── A_INPUT_STATEMENT, Lexico Idx: -1, Decl Idx: -1
│   │   │   ├── A_ARGUMENT_LIST, Lexico Idx: -1, Decl Idx: -1
│   │   │   │   ├── A_ARGUMENT, Lexico Idx: -1, Decl Idx: -1
│   │   │   │   │   ├── A_STRUCT_FIELD_ACCESS, Lexico Idx: 13, Decl Idx: 13 -- Lexeme: 'my_struct'
│   │   │   │   │   │   ├── A_STRUCT_FIELD_ACCESS, Lexico Idx: 12, Decl Idx: -1 -- Lexeme: 'annee'
│   │   │   │   └── A_ARGUMENT, Lexico Idx: -1, Decl Idx: -1
│   │   │   │   │   ├── A_IDENTIFIER, Lexico Idx: 5, Decl Idx: 5 -- Lexeme: 'name'
│   │   │   └── A_FORMAT_STRING, Lexico Idx: 14, Decl Idx: -1 -- Lexeme: '"%d %c"'
│   │   └── A_INPUT_STATEMENT, Lexico Idx: -1, Decl Idx: -1
│   │   │   ├── A_ARGUMENT_LIST, Lexico Idx: -1, Decl Idx: -1
│   │   │   │   ├── A_ARGUMENT, Lexico Idx: -1, Decl Idx: -1
│   │   │   │   │   ├── A_STRUCT_FIELD_ACCESS, Lexico Idx: 13, Decl Idx: 13 -- Lexeme: 'my_struct'
│   │   │   │   │   │   ├── A_STRUCT_FIELD_ACCESS, Lexico Idx: 11, Decl Idx: -1 -- Lexeme: 'mois'
│   │   │   │   └── A_ARGUMENT, Lexico Idx: -1, Decl Idx: -1
│   │   │   │   │   ├── A_IDENTIFIER, Lexico Idx: 5, Decl Idx: 5 -- Lexeme: 'name'
│   │   │   └── A_FORMAT_STRING, Lexico Idx: 16, Decl Idx: -1 -- Lexeme: '"%d"'
│   │   └── A_INPUT_STATEMENT, Lexico Idx: -1, Decl Idx: -1
│   │   │   ├── A_ARGUMENT_LIST, Lexico Idx: -1, Decl Idx: -1
│   │   │   │   ├── A_ARGUMENT, Lexico Idx: -1, Decl Idx: -1
│   │   │   │   │   ├── A_IDENTIFIER, Lexico Idx: 5, Decl Idx: 5 -- Lexeme: 'name'
│   │   │   └── A_FORMAT_STRING, Lexico Idx: 17, Decl Idx: -1 -- Lexeme: '"%c %d"'
+------------------------------------------------------------------------+

