[Lexical Error] Unknown character at example/compilation/errors/lexical/unknow_char.arn:10:9.
  The character '#' is not recognized by the parser.
  Ensure that the character is valid for the expected syntax.

[Lexical Error] Unknown character at example/compilation/errors/lexical/unknow_char.arn:11:9.
  The character '$' is not recognized by the parser.
  Ensure that the character is valid for the expected syntax.

Verbose mode enabled. Printing tables and ast...

+----------------------------+
| Lexeme Table: 10 entries   |
+------------+----------------------+------------+------------+
| Index      | Lexeme               | Length     | Next       |
+------------+----------------------+------------+------------+
| 0          | int                  | 3          | -1         |
| 1          | float                | 5          | -1         |
| 2          | bool                 | 4          | -1         |
| 3          | char                 | 4          | -1         |
+------------+----------------------+------------+------------+
| 4          | a                    | 1          | 8          |
| 5          | f                    | 1          | -1         |
| 6          | c                    | 1          | -1         |
| 7          | 'a'                  | 3          | -1         |
| 8          | 10                   | 2          | -1         |
| 9          | 1.5                  | 3          | -1         |
+------------+----------------------+------------+------------+

+--------------+
| Hash Table   |
+------------+----------------------+
| Hash       | Lexicographic Index  |
+------------+----------------------+
| 1          | 8                    |
| 3          | 6                    |
| 6          | 5                    |
| 11         | 0                    |
| 12         | 2                    |
| 15         | 7                    |
| 20         | 9                    |
| 22         | 1                    |
| 30         | 3                    |
+------------+----------------------+

+---------------------+
| Declaration Table   |
+------------+-----------------+------------+-----------------+-----------------+-----------------+
| Index      | Nature          | Suivant    | Région         | Description     | Exécution      |
+------------+-----------------+------------+-----------------+-----------------+-----------------+
| 0          | TYPE_BASE       | -1         | 0               | 0               | 1               |
| 1          | TYPE_BASE       | -1         | 0               | 1               | 1               |
| 2          | TYPE_BASE       | -1         | 0               | 2               | 1               |
| 3          | TYPE_BASE       | -1         | 0               | 3               | 1               |
+------------+-----------------+------------+-----------------+-----------------+-----------------+
| 4          | TYPE_VAR        | -1         | 0               | 1               | 0               |
| 5          | TYPE_VAR        | -1         | 0               | 0               | 1               |
| 6          | TYPE_VAR        | -1         | 0               | 3               | 2               |
+------------+-----------------+------------+-----------------+-----------------+-----------------+

+------------------------+
| Representation Table   |
+------------+----------------------+
| Index      | Value                |
+------------+----------------------+
+------------+----------------------+

+----------------+
| Region Table   |
+------------+------------+------------+------------+
| Index      | Size       | NIS        | AST        |
+------------+------------+------------+------------+
| 0          | 3          | 0          | -1         |
+------------+------------+------------+------------+

+----------------+
| Region 0 AST   |
+------------------------------------------------------------------------+
Root of the AST:
├── A_PROGRAM, Lexico Idx: -1, Decl Idx: -1
│   ├── A_DECLARATION_LIST, Lexico Idx: -1, Decl Idx: -1
│   │   ├── A_VARIABLE_DECLARATION, Lexico Idx: 4, Decl Idx: 4 -- Lexeme: 'a'
│   │   └── A_VARIABLE_DECLARATION, Lexico Idx: 5, Decl Idx: 5 -- Lexeme: 'f'
│   │   └── A_VARIABLE_DECLARATION, Lexico Idx: 6, Decl Idx: 6 -- Lexeme: 'c'
│   └── A_STATEMENT_LIST, Lexico Idx: -1, Decl Idx: -1
│   │   ├── A_ASSIGNMENT_STATEMENT, Lexico Idx: -1, Decl Idx: -1
│   │   │   ├── A_VARIABLE_ASSIGNMENT, Lexico Idx: 6, Decl Idx: 6 -- Lexeme: 'c'
│   │   │   │   ├── A_CHARACTER_LITERAL, Lexico Idx: 7, Decl Idx: -1 -- Lexeme: ''a''
│   │   └── A_ASSIGNMENT_STATEMENT, Lexico Idx: -1, Decl Idx: -1
│   │   │   ├── A_VARIABLE_ASSIGNMENT, Lexico Idx: 5, Decl Idx: 5 -- Lexeme: 'f'
│   │   │   │   ├── A_INTEGER_LITERAL, Lexico Idx: 8, Decl Idx: -1 -- Lexeme: '10'
│   │   └── A_ASSIGNMENT_STATEMENT, Lexico Idx: -1, Decl Idx: -1
│   │   │   ├── A_VARIABLE_ASSIGNMENT, Lexico Idx: 4, Decl Idx: 4 -- Lexeme: 'a'
│   │   │   │   ├── A_FLOAT_LITERAL, Lexico Idx: 9, Decl Idx: -1 -- Lexeme: '1.5'
+------------------------------------------------------------------------+

