[Syntax Error] Unexpected token found: 'proc' at examples/compilation/errors/syntax/reserved_token.arn:6:9.
	> This error is critical and will cause the program to terminate.
	> Exiting due to a syntax error.
