[Type Error] Invalid type 'date' at example/compilation/errors/semantic/type/base_type.txt:11:23.
  The type 'date' should be a base type (int, float, bool, char).
  Ensure the type is one of the supported base types.

[Type Error] Invalid type 'date' at example/compilation/errors/semantic/type/base_type.txt:16:26.
  The type 'date' should be a base type (int, float, bool, char).
  Ensure the type is one of the supported base types.

Verbose mode enabled. Printing tables and ast...

+----------------------------+
| Lexeme Table: 12 entries   |
+------------+----------------------+------------+------------+
| Index      | Lexeme               | Length     | Next       |
+------------+----------------------+------------+------------+
| 0          | int                  | 3          | -1         |
| 1          | float                | 5          | -1         |
| 2          | bool                 | 4          | -1         |
| 3          | char                 | 4          | 4          |
+------------+----------------------+------------+------------+
| 4          | date                 | 4          | -1         |
| 5          | jour                 | 4          | -1         |
| 6          | mois                 | 4          | 9          |
| 7          | annee                | 5          | -1         |
| 8          | my_func              | 7          | -1         |
| 9          | x                    | 1          | -1         |
| 10         | my_proc              | 7          | -1         |
| 11         | today                | 5          | -1         |
+------------+----------------------+------------+------------+

+--------------+
| Hash Table   |
+------------+----------------------+
| Hash       | Lexicographic Index  |
+------------+----------------------+
| 0          | 5                    |
| 1          | 11                   |
| 7          | 7                    |
| 11         | 0                    |
| 12         | 2                    |
| 17         | 8                    |
| 22         | 1                    |
| 24         | 9                    |
| 25         | 10                   |
| 30         | 4                    |
+------------+----------------------+

+---------------------+
| Declaration Table   |
+------------+-----------------+------------+-----------------+-----------------+-----------------+
| Index      | Nature          | Suivant    | Région         | Description     | Exécution      |
+------------+-----------------+------------+-----------------+-----------------+-----------------+
| 0          | TYPE_BASE       | -1         | 0               | 0               | 1               |
| 1          | TYPE_BASE       | -1         | 0               | 1               | 1               |
| 2          | TYPE_BASE       | -1         | 0               | 2               | 1               |
| 3          | TYPE_BASE       | -1         | 0               | 3               | 1               |
+------------+-----------------+------------+-----------------+-----------------+-----------------+
| 4          | TYPE_STRUCT     | -1         | 0               | 0               | 3               |
| 8          | TYPE_FUNC       | -1         | 0               | 10              | 1               |
| 9          | TYPE_VAR        | 500        | 1               | 4               | 2               |
| 10         | TYPE_PROC       | -1         | 0               | 12              | 2               |
| 11         | TYPE_PARAM      | -1         | 2               | 4               | 2               |
+------------+-----------------+------------+-----------------+-----------------+-----------------+
+------------+-----------------+------------+-----------------+-----------------+-----------------+
| 500        | TYPE_VAR        | -1         | 2               | 4               | 5               |
+------------+-----------------+------------+-----------------+-----------------+-----------------+

+------------------------+
| Representation Table   |
+------------+----------------------+
| Index      | Value                |
+------------+----------------------+
| 0          | 3                    |
| 1          | 5                    |
| 2          | 0                    |
| 3          | 0                    |
| 4          | 6                    |
| 5          | 0                    |
| 6          | 1                    |
| 7          | 7                    |
| 8          | 1                    |
| 9          | 2                    |
| 10         | 4                    |
| 11         | 0                    |
| 12         | 1                    |
| 13         | 11                   |
| 14         | 4                    |
+------------+----------------------+

+----------------+
| Region Table   |
+------------+------------+------------+------------+
| Index      | Size       | NIS        | AST        |
+------------+------------+------------+------------+
| 0          | 0          | 0          | -1         |
| 1          | 5          | 1          | -1         |
| 2          | 8          | 1          | -1         |
+------------+------------+------------+------------+

+----------------+
| Region 0 AST   |
+------------------------------------------------------------------------+
Root of the AST:
├── A_PROGRAM, Lexico Idx: -1, Decl Idx: -1
│   ├── A_DECLARATION_LIST, Lexico Idx: -1, Decl Idx: -1
│   │   ├── A_TYPE_STRUCT_DECLARATION, Lexico Idx: 4, Decl Idx: 4 -- Lexeme: 'date'
│   │   │   ├── A_STRUCT_FIELD_LIST, Lexico Idx: -1, Decl Idx: -1
│   │   │   │   ├── A_STRUCT_FIELD, Lexico Idx: 7, Decl Idx: 1 -- Lexeme: 'annee'
│   │   │   │   └── A_STRUCT_FIELD, Lexico Idx: 6, Decl Idx: 0 -- Lexeme: 'mois'
│   │   │   │   └── A_STRUCT_FIELD, Lexico Idx: 5, Decl Idx: 0 -- Lexeme: 'jour'
│   │   └── A_FUNCTION_DECLARATION, Lexico Idx: 8, Decl Idx: 8 -- Lexeme: 'my_func'
│   │   └── A_PROCEDURE_DECLARATION, Lexico Idx: 10, Decl Idx: 10 -- Lexeme: 'my_proc'
+------------------------------------------------------------------------+


+----------------+
| Region 1 AST   |
+------------------------------------------------------------------------+
Root of the AST:
├── A_FUNCTION_DECLARATION, Lexico Idx: 8, Decl Idx: 8 -- Lexeme: 'my_func'
│   ├── A_DECLARATION_LIST, Lexico Idx: -1, Decl Idx: -1
│   │   ├── A_VARIABLE_DECLARATION, Lexico Idx: 9, Decl Idx: 9 -- Lexeme: 'x'
│   └── A_STATEMENT_LIST, Lexico Idx: -1, Decl Idx: -1
│   │   ├── A_RETURN_STATEMENT, Lexico Idx: -1, Decl Idx: -1
│   │   │   ├── A_IDENTIFIER, Lexico Idx: 9, Decl Idx: 9 -- Lexeme: 'x'
+------------------------------------------------------------------------+


+----------------+
| Region 2 AST   |
+------------------------------------------------------------------------+
Root of the AST:
├── A_PROCEDURE_DECLARATION, Lexico Idx: 10, Decl Idx: 10 -- Lexeme: 'my_proc'
│   ├── A_PARAMETER_LIST, Lexico Idx: -1, Decl Idx: -1
│   │   ├── A_PARAMETER, Lexico Idx: 11, Decl Idx: 11 -- Lexeme: 'today'
│   └── A_DECLARATION_LIST, Lexico Idx: -1, Decl Idx: -1
│   │   ├── A_VARIABLE_DECLARATION, Lexico Idx: 9, Decl Idx: 500 -- Lexeme: 'x'
│   └── A_STATEMENT_LIST, Lexico Idx: -1, Decl Idx: -1
│   │   ├── A_ASSIGNMENT_STATEMENT, Lexico Idx: -1, Decl Idx: -1
│   │   │   ├── A_VARIABLE_ASSIGNMENT, Lexico Idx: 9, Decl Idx: 500 -- Lexeme: 'x'
│   │   │   │   ├── A_IDENTIFIER, Lexico Idx: 11, Decl Idx: 11 -- Lexeme: 'today'
+------------------------------------------------------------------------+

