[Type Error] Function 'main' expects argument 1 to be of type 'int' at example/compilation/errors/semantic/func_proc/argument/function.arn:22:31.
  But the provided argument 'one_float()' is of type 'float'.
  Ensure the argument type matches the expected type for the function or procedure.

[Type Error] Type mismatch during operation '+' at example/compilation/errors/semantic/func_proc/argument/function.arn:23:36.
  Left operand type: 'int', right operand type: 'bool'.
  Ensure both operands are of compatible types for the operation.

[Type Error] Function 'main' expects argument 1 to be of type 'int' at example/compilation/errors/semantic/func_proc/argument/function.arn:23:36.
  But the provided argument '(one_int() + true)' is of type 'UNKNOWN'.
  Ensure the argument type matches the expected type for the function or procedure.

Verbose mode enabled. Printing tables and ast...

+----------------------------+
| Lexeme Table: 15 entries   |
+------------+----------------------+------------+------------+
| Index      | Lexeme               | Length     | Next       |
+------------+----------------------+------------+------------+
| 0          | int                  | 3          | -1         |
| 1          | float                | 5          | -1         |
| 2          | bool                 | 4          | 5          |
| 3          | char                 | 4          | -1         |
+------------+----------------------+------------+------------+
| 4          | x                    | 1          | -1         |
| 5          | one_int              | 7          | -1         |
| 6          | 1                    | 1          | -1         |
| 7          | one_float            | 9          | -1         |
| 8          | 1.0                  | 3          | -1         |
| 9          | main                 | 4          | -1         |
| 10         | a                    | 1          | -1         |
| 11         | b                    | 1          | -1         |
| 12         | 0                    | 1          | 13         |
| 13         | 2.0                  | 3          | -1         |
| 14         | true                 | 4          | -1         |
+------------+----------------------+------------+------------+

+--------------+
| Hash Table   |
+------------+----------------------+
| Hash       | Lexicographic Index  |
+------------+----------------------+
| 0          | 14                   |
| 1          | 10                   |
| 2          | 11                   |
| 5          | 9                    |
| 11         | 0                    |
| 12         | 5                    |
| 15         | 8                    |
| 16         | 13                   |
| 17         | 6                    |
| 22         | 1                    |
| 23         | 7                    |
| 24         | 4                    |
| 30         | 3                    |
+------------+----------------------+

+---------------------+
| Declaration Table   |
+------------+-----------------+------------+-----------------+-----------------+-----------------+
| Index      | Nature          | Suivant    | Région         | Description     | Exécution      |
+------------+-----------------+------------+-----------------+-----------------+-----------------+
| 0          | TYPE_BASE       | -1         | 0               | 0               | 1               |
| 1          | TYPE_BASE       | -1         | 0               | 1               | 1               |
| 2          | TYPE_BASE       | -1         | 0               | 2               | 1               |
| 3          | TYPE_BASE       | -1         | 0               | 3               | 1               |
+------------+-----------------+------------+-----------------+-----------------+-----------------+
| 4          | TYPE_VAR        | -1         | 0               | 2               | 0               |
| 5          | TYPE_FUNC       | -1         | 0               | 0               | 1               |
| 7          | TYPE_FUNC       | -1         | 0               | 2               | 2               |
| 9          | TYPE_FUNC       | -1         | 0               | 4               | 3               |
| 10         | TYPE_PARAM      | -1         | 3               | 0               | 2               |
| 11         | TYPE_PARAM      | -1         | 3               | 1               | 3               |
+------------+-----------------+------------+-----------------+-----------------+-----------------+

+------------------------+
| Representation Table   |
+------------+----------------------+
| Index      | Value                |
+------------+----------------------+
| 0          | 0                    |
| 1          | 0                    |
| 2          | 1                    |
| 3          | 0                    |
| 4          | 0                    |
| 5          | 2                    |
| 6          | 10                   |
| 7          | 0                    |
| 8          | 11                   |
| 9          | 1                    |
+------------+----------------------+

+----------------+
| Region Table   |
+------------+------------+------------+------------+
| Index      | Size       | NIS        | AST        |
+------------+------------+------------+------------+
| 0          | 1          | 0          | -1         |
| 1          | 2          | 1          | -1         |
| 2          | 2          | 1          | -1         |
| 3          | 4          | 1          | -1         |
+------------+------------+------------+------------+

+----------------+
| Region 0 AST   |
+------------------------------------------------------------------------+
Root of the AST:
├── A_PROGRAM, Lexico Idx: -1, Decl Idx: -1
│   ├── A_DECLARATION_LIST, Lexico Idx: -1, Decl Idx: -1
│   │   ├── A_VARIABLE_DECLARATION, Lexico Idx: 4, Decl Idx: 4 -- Lexeme: 'x'
│   │   └── A_FUNCTION_DECLARATION, Lexico Idx: 5, Decl Idx: 5 -- Lexeme: 'one_int'
│   │   └── A_FUNCTION_DECLARATION, Lexico Idx: 7, Decl Idx: 7 -- Lexeme: 'one_float'
│   │   └── A_FUNCTION_DECLARATION, Lexico Idx: 9, Decl Idx: 9 -- Lexeme: 'main'
│   └── A_STATEMENT_LIST, Lexico Idx: -1, Decl Idx: -1
│   │   ├── A_FUNC_PROC_CALL_STATEMENT, Lexico Idx: 5, Decl Idx: 5 -- Lexeme: 'one_int'
│   │   └── A_FUNC_PROC_CALL_STATEMENT, Lexico Idx: 9, Decl Idx: 9 -- Lexeme: 'main'
│   │   │   ├── A_ARGUMENT_LIST, Lexico Idx: -1, Decl Idx: -1
│   │   │   │   ├── A_ARGUMENT, Lexico Idx: -1, Decl Idx: -1
│   │   │   │   │   ├── A_INTEGER_LITERAL, Lexico Idx: 6, Decl Idx: -1 -- Lexeme: '1'
│   │   │   │   └── A_ARGUMENT, Lexico Idx: -1, Decl Idx: -1
│   │   │   │   │   ├── A_FLOAT_LITERAL, Lexico Idx: 8, Decl Idx: -1 -- Lexeme: '1.0'
│   │   └── A_FUNC_PROC_CALL_STATEMENT, Lexico Idx: 9, Decl Idx: 9 -- Lexeme: 'main'
│   │   │   ├── A_ARGUMENT_LIST, Lexico Idx: -1, Decl Idx: -1
│   │   │   │   ├── A_ARGUMENT, Lexico Idx: -1, Decl Idx: -1
│   │   │   │   │   ├── A_FUNC_PROC_CALL_STATEMENT, Lexico Idx: 5, Decl Idx: 5 -- Lexeme: 'one_int'
│   │   │   │   └── A_ARGUMENT, Lexico Idx: -1, Decl Idx: -1
│   │   │   │   │   ├── A_FLOAT_LITERAL, Lexico Idx: 13, Decl Idx: -1 -- Lexeme: '2.0'
│   │   └── A_FUNC_PROC_CALL_STATEMENT, Lexico Idx: 9, Decl Idx: 9 -- Lexeme: 'main'
│   │   │   ├── A_ARGUMENT_LIST, Lexico Idx: -1, Decl Idx: -1
│   │   │   │   ├── A_ARGUMENT, Lexico Idx: -1, Decl Idx: -1
│   │   │   │   │   ├── A_FUNC_PROC_CALL_STATEMENT, Lexico Idx: 7, Decl Idx: 7 -- Lexeme: 'one_float'
│   │   │   │   └── A_ARGUMENT, Lexico Idx: -1, Decl Idx: -1
│   │   │   │   │   ├── A_FUNC_PROC_CALL_STATEMENT, Lexico Idx: 7, Decl Idx: 7 -- Lexeme: 'one_float'
│   │   └── A_FUNC_PROC_CALL_STATEMENT, Lexico Idx: 9, Decl Idx: 9 -- Lexeme: 'main'
│   │   │   ├── A_ARGUMENT_LIST, Lexico Idx: -1, Decl Idx: -1
│   │   │   │   ├── A_ARGUMENT, Lexico Idx: -1, Decl Idx: -1
│   │   │   │   │   ├── A_ADD_OP, Lexico Idx: -1, Decl Idx: -1
│   │   │   │   │   │   ├── A_FUNC_PROC_CALL_STATEMENT, Lexico Idx: 5, Decl Idx: 5 -- Lexeme: 'one_int'
│   │   │   │   │   │   └── A_BOOLEAN_LITERAL, Lexico Idx: 14, Decl Idx: -1 -- Lexeme: 'true'
│   │   │   │   └── A_ARGUMENT, Lexico Idx: -1, Decl Idx: -1
│   │   │   │   │   ├── A_FUNC_PROC_CALL_STATEMENT, Lexico Idx: 7, Decl Idx: 7 -- Lexeme: 'one_float'
+------------------------------------------------------------------------+


+----------------+
| Region 1 AST   |
+------------------------------------------------------------------------+
Root of the AST:
├── A_FUNCTION_DECLARATION, Lexico Idx: 5, Decl Idx: 5 -- Lexeme: 'one_int'
│   ├── A_STATEMENT_LIST, Lexico Idx: -1, Decl Idx: -1
│   │   ├── A_RETURN_STATEMENT, Lexico Idx: -1, Decl Idx: -1
│   │   │   ├── A_INTEGER_LITERAL, Lexico Idx: 6, Decl Idx: -1 -- Lexeme: '1'
+------------------------------------------------------------------------+


+----------------+
| Region 2 AST   |
+------------------------------------------------------------------------+
Root of the AST:
├── A_FUNCTION_DECLARATION, Lexico Idx: 7, Decl Idx: 7 -- Lexeme: 'one_float'
│   ├── A_STATEMENT_LIST, Lexico Idx: -1, Decl Idx: -1
│   │   ├── A_RETURN_STATEMENT, Lexico Idx: -1, Decl Idx: -1
│   │   │   ├── A_FLOAT_LITERAL, Lexico Idx: 8, Decl Idx: -1 -- Lexeme: '1.0'
+------------------------------------------------------------------------+


+----------------+
| Region 3 AST   |
+------------------------------------------------------------------------+
Root of the AST:
├── A_FUNCTION_DECLARATION, Lexico Idx: 9, Decl Idx: 9 -- Lexeme: 'main'
│   ├── A_PARAMETER_LIST, Lexico Idx: -1, Decl Idx: -1
│   │   ├── A_PARAMETER, Lexico Idx: 10, Decl Idx: 10 -- Lexeme: 'a'
│   │   └── A_PARAMETER, Lexico Idx: 11, Decl Idx: 11 -- Lexeme: 'b'
│   └── A_STATEMENT_LIST, Lexico Idx: -1, Decl Idx: -1
│   │   ├── A_RETURN_STATEMENT, Lexico Idx: -1, Decl Idx: -1
│   │   │   ├── A_INTEGER_LITERAL, Lexico Idx: 12, Decl Idx: -1 -- Lexeme: '0'
+------------------------------------------------------------------------+

