[Type Error] Function 'main' expects argument 1 to be of type 'int' at example/compilation/errors/semantic/func_proc/argument/nested_array.txt:24:31.
  But the provided argument 'my_struct.field1[2]' is of type 'date'.
  Ensure the argument type matches the expected type for the function or procedure.

[Type Error] Function 'main' expects argument 1 to be of type 'int' at example/compilation/errors/semantic/func_proc/argument/nested_array.txt:25:37.
  But the provided argument 'my_struct.field1[2].annee' is of type 'float'.
  Ensure the argument type matches the expected type for the function or procedure.

[Type Error] Function 'main' expects argument 2 to be of type 'float' at example/compilation/errors/semantic/func_proc/argument/nested_array.txt:26:26.
  But the provided argument 'my_struct.field2' is of type 'int'.
  Ensure the argument type matches the expected type for the function or procedure.

Verbose mode enabled. Printing tables and ast...

+----------------------------+
| Lexeme Table: 21 entries   |
+------------+----------------------+------------+------------+
| Index      | Lexeme               | Length     | Next       |
+------------+----------------------+------------+------------+
| 0          | int                  | 3          | -1         |
| 1          | float                | 5          | 13         |
| 2          | bool                 | 4          | -1         |
| 3          | char                 | 4          | 4          |
+------------+----------------------+------------+------------+
| 4          | date                 | 4          | -1         |
| 5          | jour                 | 4          | -1         |
| 6          | mois                 | 4          | -1         |
| 7          | annee                | 5          | -1         |
| 8          | elem                 | 4          | -1         |
| 9          | 1                    | 1          | -1         |
| 10         | 5                    | 1          | 12         |
| 11         | data                 | 4          | -1         |
| 12         | field1               | 6          | -1         |
| 13         | field2               | 6          | -1         |
| 14         | my_struct            | 9          | -1         |
| 15         | main                 | 4          | -1         |
| 16         | a                    | 1          | -1         |
| 17         | b                    | 1          | -1         |
| 18         | 0                    | 1          | 20         |
| 19         | 2                    | 1          | -1         |
| 20         | 2.0                  | 3          | -1         |
+------------+----------------------+------------+------------+

+--------------+
| Hash Table   |
+------------+----------------------+
| Hash       | Lexicographic Index  |
+------------+----------------------+
| 0          | 5                    |
| 1          | 16                   |
| 2          | 17                   |
| 3          | 8                    |
| 5          | 15                   |
| 7          | 7                    |
| 10         | 14                   |
| 11         | 0                    |
| 12         | 2                    |
| 16         | 20                   |
| 17         | 9                    |
| 18         | 19                   |
| 21         | 12                   |
| 22         | 13                   |
| 24         | 6                    |
| 26         | 11                   |
| 30         | 4                    |
+------------+----------------------+

+---------------------+
| Declaration Table   |
+------------+-----------------+------------+-----------------+-----------------+-----------------+
| Index      | Nature          | Suivant    | Région         | Description     | Exécution      |
+------------+-----------------+------------+-----------------+-----------------+-----------------+
| 0          | TYPE_BASE       | -1         | 0               | 0               | 1               |
| 1          | TYPE_BASE       | -1         | 0               | 1               | 1               |
| 2          | TYPE_BASE       | -1         | 0               | 2               | 1               |
| 3          | TYPE_BASE       | -1         | 0               | 3               | 1               |
+------------+-----------------+------------+-----------------+-----------------+-----------------+
| 4          | TYPE_STRUCT     | -1         | 0               | 0               | 3               |
| 8          | TYPE_ARRAY      | -1         | 0               | 10              | 15              |
| 11         | TYPE_STRUCT     | -1         | 0               | 14              | 16              |
| 14         | TYPE_VAR        | -1         | 0               | 11              | 0               |
| 15         | TYPE_FUNC       | -1         | 0               | 21              | 1               |
| 16         | TYPE_PARAM      | -1         | 1               | 0               | 2               |
| 17         | TYPE_PARAM      | -1         | 1               | 1               | 3               |
+------------+-----------------+------------+-----------------+-----------------+-----------------+

+------------------------+
| Representation Table   |
+------------+----------------------+
| Index      | Value                |
+------------+----------------------+
| 0          | 3                    |
| 1          | 5                    |
| 2          | 0                    |
| 3          | 0                    |
| 4          | 6                    |
| 5          | 0                    |
| 6          | 1                    |
| 7          | 7                    |
| 8          | 1                    |
| 9          | 2                    |
| 10         | 4                    |
| 11         | 1                    |
| 12         | 1                    |
| 13         | 5                    |
| 14         | 2                    |
| 15         | 12                   |
| 16         | 8                    |
| 17         | 0                    |
| 18         | 13                   |
| 19         | 0                    |
| 20         | 15                   |
| 21         | 0                    |
| 22         | 2                    |
| 23         | 16                   |
| 24         | 0                    |
| 25         | 17                   |
| 26         | 1                    |
+------------+----------------------+

+----------------+
| Region Table   |
+------------+------------+------------+------------+
| Index      | Size       | NIS        | AST        |
+------------+------------+------------+------------+
| 0          | 16         | 0          | -1         |
| 1          | 4          | 1          | -1         |
+------------+------------+------------+------------+

+----------------+
| Region 0 AST   |
+------------------------------------------------------------------------+
Root of the AST:
├── A_PROGRAM, Lexico Idx: -1, Decl Idx: -1
│   ├── A_DECLARATION_LIST, Lexico Idx: -1, Decl Idx: -1
│   │   ├── A_TYPE_STRUCT_DECLARATION, Lexico Idx: 4, Decl Idx: 4 -- Lexeme: 'date'
│   │   │   ├── A_STRUCT_FIELD_LIST, Lexico Idx: -1, Decl Idx: -1
│   │   │   │   ├── A_STRUCT_FIELD, Lexico Idx: 7, Decl Idx: 1 -- Lexeme: 'annee'
│   │   │   │   └── A_STRUCT_FIELD, Lexico Idx: 6, Decl Idx: 0 -- Lexeme: 'mois'
│   │   │   │   └── A_STRUCT_FIELD, Lexico Idx: 5, Decl Idx: 0 -- Lexeme: 'jour'
│   │   └── A_TYPE_ARRAY_DECLARATION, Lexico Idx: 8, Decl Idx: 8 -- Lexeme: 'elem'
│   │   └── A_TYPE_STRUCT_DECLARATION, Lexico Idx: 11, Decl Idx: 11 -- Lexeme: 'data'
│   │   │   ├── A_STRUCT_FIELD_LIST, Lexico Idx: -1, Decl Idx: -1
│   │   │   │   ├── A_STRUCT_FIELD, Lexico Idx: 13, Decl Idx: 0 -- Lexeme: 'field2'
│   │   │   │   └── A_STRUCT_FIELD, Lexico Idx: 12, Decl Idx: 8 -- Lexeme: 'field1'
│   │   └── A_VARIABLE_DECLARATION, Lexico Idx: 14, Decl Idx: 14 -- Lexeme: 'my_struct'
│   │   └── A_FUNCTION_DECLARATION, Lexico Idx: 15, Decl Idx: 15 -- Lexeme: 'main'
│   └── A_STATEMENT_LIST, Lexico Idx: -1, Decl Idx: -1
│   │   ├── A_FUNC_PROC_CALL_STATEMENT, Lexico Idx: 15, Decl Idx: 15 -- Lexeme: 'main'
│   │   │   ├── A_ARGUMENT_LIST, Lexico Idx: -1, Decl Idx: -1
│   │   │   │   ├── A_ARGUMENT, Lexico Idx: -1, Decl Idx: -1
│   │   │   │   │   ├── A_STRUCT_FIELD_ACCESS, Lexico Idx: 14, Decl Idx: 14 -- Lexeme: 'my_struct'
│   │   │   │   │   │   ├── A_ARRAY_ACCESS, Lexico Idx: 12, Decl Idx: 8 -- Lexeme: 'field1'
│   │   │   │   │   │   │   ├── A_ARRAY_INDEX_LIST, Lexico Idx: -1, Decl Idx: -1
│   │   │   │   │   │   │   │   ├── A_ARRAY_INDEX, Lexico Idx: -1, Decl Idx: -1
│   │   │   │   │   │   │   │   │   ├── A_INTEGER_LITERAL, Lexico Idx: 19, Decl Idx: -1 -- Lexeme: '2'
│   │   │   │   │   │   │   └── A_STRUCT_FIELD_ACCESS, Lexico Idx: 5, Decl Idx: -1 -- Lexeme: 'jour'
│   │   │   │   └── A_ARGUMENT, Lexico Idx: -1, Decl Idx: -1
│   │   │   │   │   ├── A_FLOAT_LITERAL, Lexico Idx: 20, Decl Idx: -1 -- Lexeme: '2.0'
│   │   └── A_FUNC_PROC_CALL_STATEMENT, Lexico Idx: 15, Decl Idx: 15 -- Lexeme: 'main'
│   │   │   ├── A_ARGUMENT_LIST, Lexico Idx: -1, Decl Idx: -1
│   │   │   │   ├── A_ARGUMENT, Lexico Idx: -1, Decl Idx: -1
│   │   │   │   │   ├── A_STRUCT_FIELD_ACCESS, Lexico Idx: 14, Decl Idx: 14 -- Lexeme: 'my_struct'
│   │   │   │   │   │   ├── A_ARRAY_ACCESS, Lexico Idx: 12, Decl Idx: 8 -- Lexeme: 'field1'
│   │   │   │   │   │   │   ├── A_ARRAY_INDEX_LIST, Lexico Idx: -1, Decl Idx: -1
│   │   │   │   │   │   │   │   ├── A_ARRAY_INDEX, Lexico Idx: -1, Decl Idx: -1
│   │   │   │   │   │   │   │   │   ├── A_INTEGER_LITERAL, Lexico Idx: 19, Decl Idx: -1 -- Lexeme: '2'
│   │   │   │   └── A_ARGUMENT, Lexico Idx: -1, Decl Idx: -1
│   │   │   │   │   ├── A_FLOAT_LITERAL, Lexico Idx: 20, Decl Idx: -1 -- Lexeme: '2.0'
│   │   └── A_FUNC_PROC_CALL_STATEMENT, Lexico Idx: 15, Decl Idx: 15 -- Lexeme: 'main'
│   │   │   ├── A_ARGUMENT_LIST, Lexico Idx: -1, Decl Idx: -1
│   │   │   │   ├── A_ARGUMENT, Lexico Idx: -1, Decl Idx: -1
│   │   │   │   │   ├── A_STRUCT_FIELD_ACCESS, Lexico Idx: 14, Decl Idx: 14 -- Lexeme: 'my_struct'
│   │   │   │   │   │   ├── A_ARRAY_ACCESS, Lexico Idx: 12, Decl Idx: 8 -- Lexeme: 'field1'
│   │   │   │   │   │   │   ├── A_ARRAY_INDEX_LIST, Lexico Idx: -1, Decl Idx: -1
│   │   │   │   │   │   │   │   ├── A_ARRAY_INDEX, Lexico Idx: -1, Decl Idx: -1
│   │   │   │   │   │   │   │   │   ├── A_INTEGER_LITERAL, Lexico Idx: 19, Decl Idx: -1 -- Lexeme: '2'
│   │   │   │   │   │   │   └── A_STRUCT_FIELD_ACCESS, Lexico Idx: 7, Decl Idx: -1 -- Lexeme: 'annee'
│   │   │   │   └── A_ARGUMENT, Lexico Idx: -1, Decl Idx: -1
│   │   │   │   │   ├── A_FLOAT_LITERAL, Lexico Idx: 20, Decl Idx: -1 -- Lexeme: '2.0'
│   │   └── A_FUNC_PROC_CALL_STATEMENT, Lexico Idx: 15, Decl Idx: 15 -- Lexeme: 'main'
│   │   │   ├── A_ARGUMENT_LIST, Lexico Idx: -1, Decl Idx: -1
│   │   │   │   ├── A_ARGUMENT, Lexico Idx: -1, Decl Idx: -1
│   │   │   │   │   ├── A_INTEGER_LITERAL, Lexico Idx: 9, Decl Idx: -1 -- Lexeme: '1'
│   │   │   │   └── A_ARGUMENT, Lexico Idx: -1, Decl Idx: -1
│   │   │   │   │   ├── A_STRUCT_FIELD_ACCESS, Lexico Idx: 14, Decl Idx: 14 -- Lexeme: 'my_struct'
│   │   │   │   │   │   ├── A_STRUCT_FIELD_ACCESS, Lexico Idx: 13, Decl Idx: -1 -- Lexeme: 'field2'
+------------------------------------------------------------------------+


+----------------+
| Region 1 AST   |
+------------------------------------------------------------------------+
Root of the AST:
├── A_FUNCTION_DECLARATION, Lexico Idx: 15, Decl Idx: 15 -- Lexeme: 'main'
│   ├── A_PARAMETER_LIST, Lexico Idx: -1, Decl Idx: -1
│   │   ├── A_PARAMETER, Lexico Idx: 16, Decl Idx: 16 -- Lexeme: 'a'
│   │   └── A_PARAMETER, Lexico Idx: 17, Decl Idx: 17 -- Lexeme: 'b'
│   └── A_STATEMENT_LIST, Lexico Idx: -1, Decl Idx: -1
│   │   ├── A_RETURN_STATEMENT, Lexico Idx: -1, Decl Idx: -1
│   │   │   ├── A_INTEGER_LITERAL, Lexico Idx: 18, Decl Idx: -1 -- Lexeme: '0'
+------------------------------------------------------------------------+

