[Semantic Error] Function expects 2 arguments at example/compilation/errors/semantic/func_proc/argument/procedure.txt:20:7.
  However, only 0 arguments were provided.
  Ensure the correct number of arguments are passed to the function.

[Type Error] Procedure 'main' expects argument 1 to be of type 'int' at example/compilation/errors/semantic/func_proc/argument/procedure.txt:21:13.
  But the provided argument 'x' is of type 'bool'.
  Ensure the argument type matches the expected type for the function or procedure.

[Type Error] Procedure 'main' expects argument 1 to be of type 'int' at example/compilation/errors/semantic/func_proc/argument/procedure.txt:22:18.
  But the provided argument 'test()' is of type 'UNKNOWN'.
  Ensure the argument type matches the expected type for the function or procedure.

[Semantic Error] Function expects 2 arguments at example/compilation/errors/semantic/func_proc/argument/procedure.txt:23:23.
  However, more arguments were provided.
  Ensure the correct number of arguments are passed to the function.

[Type Error] Procedure 'main' expects argument 1 to be of type 'int' at example/compilation/errors/semantic/func_proc/argument/procedure.txt:23:23.
  But the provided argument 'test()' is of type 'UNKNOWN'.
  Ensure the argument type matches the expected type for the function or procedure.

Verbose mode enabled. Printing tables and ast...

+----------------------------+
| Lexeme Table: 14 entries   |
+------------+----------------------+------------+------------+
| Index      | Lexeme               | Length     | Next       |
+------------+----------------------+------------+------------+
| 0          | int                  | 3          | -1         |
| 1          | float                | 5          | -1         |
| 2          | bool                 | 4          | -1         |
| 3          | char                 | 4          | -1         |
+------------+----------------------+------------+------------+
| 4          | x                    | 1          | -1         |
| 5          | test                 | 4          | -1         |
| 6          | test2                | 5          | -1         |
| 7          | 1                    | 1          | 13         |
| 8          | main                 | 4          | -1         |
| 9          | a                    | 1          | -1         |
| 10         | b                    | 1          | -1         |
| 11         | 1.0                  | 3          | -1         |
| 12         | 2.0                  | 3          | -1         |
| 13         | 3.0                  | 3          | -1         |
+------------+----------------------+------------+------------+

+--------------+
| Hash Table   |
+------------+----------------------+
| Hash       | Lexicographic Index  |
+------------+----------------------+
| 0          | 5                    |
| 1          | 9                    |
| 2          | 10                   |
| 5          | 8                    |
| 11         | 0                    |
| 12         | 2                    |
| 15         | 11                   |
| 16         | 12                   |
| 17         | 13                   |
| 18         | 6                    |
| 22         | 1                    |
| 24         | 4                    |
| 30         | 3                    |
+------------+----------------------+

+---------------------+
| Declaration Table   |
+------------+-----------------+------------+-----------------+-----------------+-----------------+
| Index      | Nature          | Suivant    | Région         | Description     | Exécution      |
+------------+-----------------+------------+-----------------+-----------------+-----------------+
| 0          | TYPE_BASE       | -1         | 0               | 0               | 1               |
| 1          | TYPE_BASE       | -1         | 0               | 1               | 1               |
| 2          | TYPE_BASE       | -1         | 0               | 2               | 1               |
| 3          | TYPE_BASE       | -1         | 0               | 3               | 1               |
+------------+-----------------+------------+-----------------+-----------------+-----------------+
| 4          | TYPE_VAR        | -1         | 0               | 2               | 0               |
| 5          | TYPE_PROC       | -1         | 0               | 0               | 1               |
| 6          | TYPE_FUNC       | -1         | 0               | 1               | 2               |
| 8          | TYPE_PROC       | -1         | 0               | 3               | 3               |
| 9          | TYPE_PARAM      | -1         | 3               | 0               | 2               |
| 10         | TYPE_PARAM      | -1         | 3               | 1               | 3               |
+------------+-----------------+------------+-----------------+-----------------+-----------------+

+------------------------+
| Representation Table   |
+------------+----------------------+
| Index      | Value                |
+------------+----------------------+
| 0          | 0                    |
| 1          | 0                    |
| 2          | 0                    |
| 3          | 2                    |
| 4          | 9                    |
| 5          | 0                    |
| 6          | 10                   |
| 7          | 1                    |
+------------+----------------------+

+----------------+
| Region Table   |
+------------+------------+------------+------------+
| Index      | Size       | NIS        | AST        |
+------------+------------+------------+------------+
| 0          | 1          | 0          | -1         |
| 1          | 2          | 1          | -1         |
| 2          | 2          | 1          | -1         |
| 3          | 4          | 1          | -1         |
+------------+------------+------------+------------+

+----------------+
| Region 0 AST   |
+------------------------------------------------------------------------+
Root of the AST:
├── A_PROGRAM, Lexico Idx: -1, Decl Idx: -1
│   ├── A_DECLARATION_LIST, Lexico Idx: -1, Decl Idx: -1
│   │   ├── A_VARIABLE_DECLARATION, Lexico Idx: 4, Decl Idx: 4 -- Lexeme: 'x'
│   │   └── A_PROCEDURE_DECLARATION, Lexico Idx: 5, Decl Idx: 5 -- Lexeme: 'test'
│   │   └── A_FUNCTION_DECLARATION, Lexico Idx: 6, Decl Idx: 6 -- Lexeme: 'test2'
│   │   └── A_PROCEDURE_DECLARATION, Lexico Idx: 8, Decl Idx: 8 -- Lexeme: 'main'
│   └── A_STATEMENT_LIST, Lexico Idx: -1, Decl Idx: -1
│   │   ├── A_FUNC_PROC_CALL_STATEMENT, Lexico Idx: 5, Decl Idx: 5 -- Lexeme: 'test'
│   │   └── A_FUNC_PROC_CALL_STATEMENT, Lexico Idx: 8, Decl Idx: 8 -- Lexeme: 'main'
│   │   │   ├── A_ARGUMENT_LIST, Lexico Idx: -1, Decl Idx: -1
│   │   │   │   ├── A_ARGUMENT, Lexico Idx: -1, Decl Idx: -1
│   │   │   │   │   ├── A_INTEGER_LITERAL, Lexico Idx: 7, Decl Idx: -1 -- Lexeme: '1'
│   │   │   │   └── A_ARGUMENT, Lexico Idx: -1, Decl Idx: -1
│   │   │   │   │   ├── A_FLOAT_LITERAL, Lexico Idx: 11, Decl Idx: -1 -- Lexeme: '1.0'
│   │   └── A_FUNC_PROC_CALL_STATEMENT, Lexico Idx: 8, Decl Idx: 8 -- Lexeme: 'main'
│   │   │   ├── A_ARGUMENT_LIST, Lexico Idx: -1, Decl Idx: -1
│   │   │   │   ├── A_ARGUMENT, Lexico Idx: -1, Decl Idx: -1
│   │   │   │   │   ├── A_FUNC_PROC_CALL_STATEMENT, Lexico Idx: 6, Decl Idx: 6 -- Lexeme: 'test2'
│   │   │   │   └── A_ARGUMENT, Lexico Idx: -1, Decl Idx: -1
│   │   │   │   │   ├── A_FLOAT_LITERAL, Lexico Idx: 12, Decl Idx: -1 -- Lexeme: '2.0'
│   │   └── A_FUNC_PROC_CALL_STATEMENT, Lexico Idx: 8, Decl Idx: 8 -- Lexeme: 'main'
│   │   └── A_FUNC_PROC_CALL_STATEMENT, Lexico Idx: 8, Decl Idx: 8 -- Lexeme: 'main'
│   │   │   ├── A_ARGUMENT_LIST, Lexico Idx: -1, Decl Idx: -1
│   │   │   │   ├── A_ARGUMENT, Lexico Idx: -1, Decl Idx: -1
│   │   │   │   │   ├── A_IDENTIFIER, Lexico Idx: 4, Decl Idx: 4 -- Lexeme: 'x'
│   │   │   │   └── A_ARGUMENT, Lexico Idx: -1, Decl Idx: -1
│   │   │   │   │   ├── A_FLOAT_LITERAL, Lexico Idx: 11, Decl Idx: -1 -- Lexeme: '1.0'
│   │   └── A_FUNC_PROC_CALL_STATEMENT, Lexico Idx: 8, Decl Idx: 8 -- Lexeme: 'main'
│   │   │   ├── A_ARGUMENT_LIST, Lexico Idx: -1, Decl Idx: -1
│   │   │   │   ├── A_ARGUMENT, Lexico Idx: -1, Decl Idx: -1
│   │   │   │   │   ├── A_FUNC_PROC_CALL_STATEMENT, Lexico Idx: 5, Decl Idx: 5 -- Lexeme: 'test'
│   │   │   │   └── A_ARGUMENT, Lexico Idx: -1, Decl Idx: -1
│   │   │   │   │   ├── A_FLOAT_LITERAL, Lexico Idx: 12, Decl Idx: -1 -- Lexeme: '2.0'
│   │   └── A_FUNC_PROC_CALL_STATEMENT, Lexico Idx: 8, Decl Idx: 8 -- Lexeme: 'main'
│   │   │   ├── A_ARGUMENT_LIST, Lexico Idx: -1, Decl Idx: -1
│   │   │   │   ├── A_ARGUMENT, Lexico Idx: -1, Decl Idx: -1
│   │   │   │   │   ├── A_FUNC_PROC_CALL_STATEMENT, Lexico Idx: 5, Decl Idx: 5 -- Lexeme: 'test'
│   │   │   │   └── A_ARGUMENT, Lexico Idx: -1, Decl Idx: -1
│   │   │   │   │   ├── A_FLOAT_LITERAL, Lexico Idx: 12, Decl Idx: -1 -- Lexeme: '2.0'
│   │   │   │   └── A_ARGUMENT, Lexico Idx: -1, Decl Idx: -1
│   │   │   │   │   ├── A_FLOAT_LITERAL, Lexico Idx: 13, Decl Idx: -1 -- Lexeme: '3.0'
+------------------------------------------------------------------------+


+----------------+
| Region 1 AST   |
+------------------------------------------------------------------------+
Root of the AST:
├── A_PROCEDURE_DECLARATION, Lexico Idx: 5, Decl Idx: 5 -- Lexeme: 'test'
+------------------------------------------------------------------------+


+----------------+
| Region 2 AST   |
+------------------------------------------------------------------------+
Root of the AST:
├── A_FUNCTION_DECLARATION, Lexico Idx: 6, Decl Idx: 6 -- Lexeme: 'test2'
│   ├── A_STATEMENT_LIST, Lexico Idx: -1, Decl Idx: -1
│   │   ├── A_RETURN_STATEMENT, Lexico Idx: -1, Decl Idx: -1
│   │   │   ├── A_INTEGER_LITERAL, Lexico Idx: 7, Decl Idx: -1 -- Lexeme: '1'
+------------------------------------------------------------------------+


+----------------+
| Region 3 AST   |
+------------------------------------------------------------------------+
Root of the AST:
├── A_PROCEDURE_DECLARATION, Lexico Idx: 8, Decl Idx: 8 -- Lexeme: 'main'
│   ├── A_PARAMETER_LIST, Lexico Idx: -1, Decl Idx: -1
│   │   ├── A_PARAMETER, Lexico Idx: 9, Decl Idx: 9 -- Lexeme: 'a'
│   │   └── A_PARAMETER, Lexico Idx: 10, Decl Idx: 10 -- Lexeme: 'b'
+------------------------------------------------------------------------+

