[Type Error] Type mismatch during operation '+' at example/compilation/errors/semantic/struct/assignement.txt:29:59.
  Left operand type: 'float', right operand type: 'int'.
  Ensure both operands are of compatible types for the operation.

[Type Error] Type mismatch during assignement at example/compilation/errors/semantic/struct/assignement.txt:29:59.
  Cannot assign expression of type 'UNKNOWN' to struct field 'p.naissance.annee' of type 'float'.
  Ensure the expression type matches the expected type for the struct field.

[Semantic Error] Field access error at example/compilation/errors/semantic/struct/assignement.txt:30:21.
  The field 'e' does not exist in the struct 'personne'.
  Ensure the field name is correct and defined within the struct type.

[Type Error] Type mismatch during assignement at example/compilation/errors/semantic/struct/assignement.txt:30:21.
  Cannot assign expression of type 'float' to struct field 'UNKNOWN' of type 'UNKNOWN'.
  Ensure the expression type matches the expected type for the struct field.

Verbose mode enabled. Printing tables and ast...

+----------------------------+
| Lexeme Table: 24 entries   |
+------------+----------------------+------------+------------+
| Index      | Lexeme               | Length     | Next       |
+------------+----------------------+------------+------------+
| 0          | int                  | 3          | -1         |
| 1          | float                | 5          | 9          |
| 2          | bool                 | 4          | -1         |
| 3          | char                 | 4          | 4          |
+------------+----------------------+------------+------------+
| 4          | date                 | 4          | -1         |
| 5          | jour                 | 4          | -1         |
| 6          | mois                 | 4          | 19         |
| 7          | annee                | 5          | 22         |
| 8          | personne             | 8          | -1         |
| 9          | numero               | 6          | -1         |
| 10         | naissance            | 9          | 18         |
| 11         | age                  | 3          | -1         |
| 12         | taille               | 6          | -1         |
| 13         | p                    | 1          | 17         |
| 14         | main                 | 4          | 23         |
| 15         | a                    | 1          | -1         |
| 16         | b                    | 1          | -1         |
| 17         | 0                    | 1          | 21         |
| 18         | 5                    | 1          | -1         |
| 19         | 8                    | 1          | 20         |
| 20         | 1997.0               | 6          | -1         |
| 21         | 2.0                  | 3          | -1         |
| 22         | 1.80                 | 4          | -1         |
| 23         | e                    | 1          | -1         |
+------------+----------------------+------------+------------+

+--------------+
| Hash Table   |
+------------+----------------------+
| Hash       | Lexicographic Index  |
+------------+----------------------+
| 0          | 5                    |
| 1          | 15                   |
| 2          | 16                   |
| 5          | 23                   |
| 7          | 22                   |
| 10         | 8                    |
| 11         | 0                    |
| 12         | 2                    |
| 13         | 11                   |
| 16         | 21                   |
| 21         | 18                   |
| 22         | 9                    |
| 24         | 20                   |
| 27         | 12                   |
| 30         | 4                    |
+------------+----------------------+

+---------------------+
| Declaration Table   |
+------------+-----------------+------------+-----------------+-----------------+-----------------+
| Index      | Nature          | Suivant    | Région         | Description     | Exécution      |
+------------+-----------------+------------+-----------------+-----------------+-----------------+
| 0          | TYPE_BASE       | -1         | 0               | 0               | 1               |
| 1          | TYPE_BASE       | -1         | 0               | 1               | 1               |
| 2          | TYPE_BASE       | -1         | 0               | 2               | 1               |
| 3          | TYPE_BASE       | -1         | 0               | 3               | 1               |
+------------+-----------------+------------+-----------------+-----------------+-----------------+
| 4          | TYPE_STRUCT     | -1         | 0               | 0               | 3               |
| 8          | TYPE_STRUCT     | -1         | 0               | 10              | 6               |
| 13         | TYPE_VAR        | -1         | 0               | 8               | 0               |
| 14         | TYPE_FUNC       | -1         | 0               | 23              | 1               |
| 15         | TYPE_PARAM      | -1         | 1               | 0               | 2               |
| 16         | TYPE_PARAM      | -1         | 1               | 1               | 3               |
+------------+-----------------+------------+-----------------+-----------------+-----------------+

+------------------------+
| Representation Table   |
+------------+----------------------+
| Index      | Value                |
+------------+----------------------+
| 0          | 3                    |
| 1          | 5                    |
| 2          | 0                    |
| 3          | 0                    |
| 4          | 6                    |
| 5          | 0                    |
| 6          | 1                    |
| 7          | 7                    |
| 8          | 1                    |
| 9          | 2                    |
| 10         | 4                    |
| 11         | 9                    |
| 12         | 0                    |
| 13         | 0                    |
| 14         | 10                   |
| 15         | 4                    |
| 16         | 1                    |
| 17         | 11                   |
| 18         | 0                    |
| 19         | 4                    |
| 20         | 12                   |
| 21         | 1                    |
| 22         | 5                    |
| 23         | 0                    |
| 24         | 2                    |
| 25         | 15                   |
| 26         | 0                    |
| 27         | 16                   |
| 28         | 1                    |
+------------+----------------------+

+----------------+
| Region Table   |
+------------+------------+------------+------------+
| Index      | Size       | NIS        | AST        |
+------------+------------+------------+------------+
| 0          | 6          | 0          | -1         |
| 1          | 4          | 1          | -1         |
+------------+------------+------------+------------+

+----------------+
| Region 0 AST   |
+------------------------------------------------------------------------+
Root of the AST:
├── A_PROGRAM, Lexico Idx: -1, Decl Idx: -1
│   ├── A_DECLARATION_LIST, Lexico Idx: -1, Decl Idx: -1
│   │   ├── A_TYPE_STRUCT_DECLARATION, Lexico Idx: 4, Decl Idx: 4 -- Lexeme: 'date'
│   │   │   ├── A_STRUCT_FIELD_LIST, Lexico Idx: -1, Decl Idx: -1
│   │   │   │   ├── A_STRUCT_FIELD, Lexico Idx: 7, Decl Idx: 1 -- Lexeme: 'annee'
│   │   │   │   └── A_STRUCT_FIELD, Lexico Idx: 6, Decl Idx: 0 -- Lexeme: 'mois'
│   │   │   │   └── A_STRUCT_FIELD, Lexico Idx: 5, Decl Idx: 0 -- Lexeme: 'jour'
│   │   └── A_TYPE_STRUCT_DECLARATION, Lexico Idx: 8, Decl Idx: 8 -- Lexeme: 'personne'
│   │   │   ├── A_STRUCT_FIELD_LIST, Lexico Idx: -1, Decl Idx: -1
│   │   │   │   ├── A_STRUCT_FIELD, Lexico Idx: 12, Decl Idx: 1 -- Lexeme: 'taille'
│   │   │   │   └── A_STRUCT_FIELD, Lexico Idx: 11, Decl Idx: 0 -- Lexeme: 'age'
│   │   │   │   └── A_STRUCT_FIELD, Lexico Idx: 10, Decl Idx: 4 -- Lexeme: 'naissance'
│   │   │   │   └── A_STRUCT_FIELD, Lexico Idx: 9, Decl Idx: 0 -- Lexeme: 'numero'
│   │   └── A_VARIABLE_DECLARATION, Lexico Idx: 13, Decl Idx: 13 -- Lexeme: 'p'
│   │   └── A_FUNCTION_DECLARATION, Lexico Idx: 14, Decl Idx: 14 -- Lexeme: 'main'
│   └── A_STATEMENT_LIST, Lexico Idx: -1, Decl Idx: -1
│   │   ├── A_ASSIGNMENT_STATEMENT, Lexico Idx: -1, Decl Idx: -1
│   │   │   ├── A_STRUCT_ASSIGNMENT, Lexico Idx: -1, Decl Idx: -1
│   │   │   │   ├── A_STRUCT_FIELD_ACCESS, Lexico Idx: 13, Decl Idx: 13 -- Lexeme: 'p'
│   │   │   │   │   ├── A_STRUCT_FIELD_ACCESS, Lexico Idx: 10, Decl Idx: -1 -- Lexeme: 'naissance'
│   │   │   │   │   │   ├── A_STRUCT_FIELD_ACCESS, Lexico Idx: 5, Decl Idx: -1 -- Lexeme: 'jour'
│   │   │   │   └── A_INTEGER_LITERAL, Lexico Idx: 18, Decl Idx: -1 -- Lexeme: '5'
│   │   └── A_ASSIGNMENT_STATEMENT, Lexico Idx: -1, Decl Idx: -1
│   │   │   ├── A_STRUCT_ASSIGNMENT, Lexico Idx: -1, Decl Idx: -1
│   │   │   │   ├── A_STRUCT_FIELD_ACCESS, Lexico Idx: 13, Decl Idx: 13 -- Lexeme: 'p'
│   │   │   │   │   ├── A_STRUCT_FIELD_ACCESS, Lexico Idx: 10, Decl Idx: -1 -- Lexeme: 'naissance'
│   │   │   │   │   │   ├── A_STRUCT_FIELD_ACCESS, Lexico Idx: 6, Decl Idx: -1 -- Lexeme: 'mois'
│   │   │   │   └── A_INTEGER_LITERAL, Lexico Idx: 19, Decl Idx: -1 -- Lexeme: '8'
│   │   └── A_ASSIGNMENT_STATEMENT, Lexico Idx: -1, Decl Idx: -1
│   │   │   ├── A_STRUCT_ASSIGNMENT, Lexico Idx: -1, Decl Idx: -1
│   │   │   │   ├── A_STRUCT_FIELD_ACCESS, Lexico Idx: 13, Decl Idx: 13 -- Lexeme: 'p'
│   │   │   │   │   ├── A_STRUCT_FIELD_ACCESS, Lexico Idx: 10, Decl Idx: -1 -- Lexeme: 'naissance'
│   │   │   │   │   │   ├── A_STRUCT_FIELD_ACCESS, Lexico Idx: 7, Decl Idx: -1 -- Lexeme: 'annee'
│   │   │   │   └── A_FLOAT_LITERAL, Lexico Idx: 20, Decl Idx: -1 -- Lexeme: '1997.0'
│   │   └── A_ASSIGNMENT_STATEMENT, Lexico Idx: -1, Decl Idx: -1
│   │   │   ├── A_STRUCT_ASSIGNMENT, Lexico Idx: -1, Decl Idx: -1
│   │   │   │   ├── A_STRUCT_FIELD_ACCESS, Lexico Idx: 13, Decl Idx: 13 -- Lexeme: 'p'
│   │   │   │   │   ├── A_STRUCT_FIELD_ACCESS, Lexico Idx: 11, Decl Idx: -1 -- Lexeme: 'age'
│   │   │   │   └── A_FUNC_PROC_CALL_STATEMENT, Lexico Idx: 14, Decl Idx: 14 -- Lexeme: 'main'
│   │   │   │   │   ├── A_ARGUMENT_LIST, Lexico Idx: -1, Decl Idx: -1
│   │   │   │   │   │   ├── A_ARGUMENT, Lexico Idx: -1, Decl Idx: -1
│   │   │   │   │   │   │   ├── A_STRUCT_FIELD_ACCESS, Lexico Idx: 13, Decl Idx: 13 -- Lexeme: 'p'
│   │   │   │   │   │   │   │   ├── A_STRUCT_FIELD_ACCESS, Lexico Idx: 10, Decl Idx: -1 -- Lexeme: 'naissance'
│   │   │   │   │   │   │   │   │   ├── A_STRUCT_FIELD_ACCESS, Lexico Idx: 5, Decl Idx: -1 -- Lexeme: 'jour'
│   │   │   │   │   │   └── A_ARGUMENT, Lexico Idx: -1, Decl Idx: -1
│   │   │   │   │   │   │   ├── A_FLOAT_LITERAL, Lexico Idx: 21, Decl Idx: -1 -- Lexeme: '2.0'
│   │   └── A_ASSIGNMENT_STATEMENT, Lexico Idx: -1, Decl Idx: -1
│   │   │   ├── A_STRUCT_ASSIGNMENT, Lexico Idx: -1, Decl Idx: -1
│   │   │   │   ├── A_STRUCT_FIELD_ACCESS, Lexico Idx: 13, Decl Idx: 13 -- Lexeme: 'p'
│   │   │   │   │   ├── A_STRUCT_FIELD_ACCESS, Lexico Idx: 12, Decl Idx: -1 -- Lexeme: 'taille'
│   │   │   │   └── A_FLOAT_LITERAL, Lexico Idx: 22, Decl Idx: -1 -- Lexeme: '1.80'
│   │   └── A_ASSIGNMENT_STATEMENT, Lexico Idx: -1, Decl Idx: -1
│   │   │   ├── A_STRUCT_ASSIGNMENT, Lexico Idx: -1, Decl Idx: -1
│   │   │   │   ├── A_STRUCT_FIELD_ACCESS, Lexico Idx: 13, Decl Idx: 13 -- Lexeme: 'p'
│   │   │   │   │   ├── A_STRUCT_FIELD_ACCESS, Lexico Idx: 10, Decl Idx: -1 -- Lexeme: 'naissance'
│   │   │   │   │   │   ├── A_STRUCT_FIELD_ACCESS, Lexico Idx: 7, Decl Idx: -1 -- Lexeme: 'annee'
│   │   │   │   └── A_ADD_OP, Lexico Idx: -1, Decl Idx: -1
│   │   │   │   │   ├── A_FLOAT_LITERAL, Lexico Idx: 20, Decl Idx: -1 -- Lexeme: '1997.0'
│   │   │   │   │   └── A_FUNC_PROC_CALL_STATEMENT, Lexico Idx: 14, Decl Idx: 14 -- Lexeme: 'main'
│   │   │   │   │   │   ├── A_ARGUMENT_LIST, Lexico Idx: -1, Decl Idx: -1
│   │   │   │   │   │   │   ├── A_ARGUMENT, Lexico Idx: -1, Decl Idx: -1
│   │   │   │   │   │   │   │   ├── A_STRUCT_FIELD_ACCESS, Lexico Idx: 13, Decl Idx: 13 -- Lexeme: 'p'
│   │   │   │   │   │   │   │   │   ├── A_STRUCT_FIELD_ACCESS, Lexico Idx: 10, Decl Idx: -1 -- Lexeme: 'naissance'
│   │   │   │   │   │   │   │   │   │   ├── A_STRUCT_FIELD_ACCESS, Lexico Idx: 5, Decl Idx: -1 -- Lexeme: 'jour'
│   │   │   │   │   │   │   └── A_ARGUMENT, Lexico Idx: -1, Decl Idx: -1
│   │   │   │   │   │   │   │   ├── A_FLOAT_LITERAL, Lexico Idx: 21, Decl Idx: -1 -- Lexeme: '2.0'
│   │   └── A_ASSIGNMENT_STATEMENT, Lexico Idx: -1, Decl Idx: -1
│   │   │   ├── A_STRUCT_ASSIGNMENT, Lexico Idx: -1, Decl Idx: -1
│   │   │   │   ├── A_STRUCT_FIELD_ACCESS, Lexico Idx: 13, Decl Idx: 13 -- Lexeme: 'p'
│   │   │   │   │   ├── A_STRUCT_FIELD_ACCESS, Lexico Idx: 23, Decl Idx: -1 -- Lexeme: 'e'
│   │   │   │   │   │   ├── A_STRUCT_FIELD_ACCESS, Lexico Idx: 7, Decl Idx: -1 -- Lexeme: 'annee'
│   │   │   │   └── A_FLOAT_LITERAL, Lexico Idx: 20, Decl Idx: -1 -- Lexeme: '1997.0'
+------------------------------------------------------------------------+


+----------------+
| Region 1 AST   |
+------------------------------------------------------------------------+
Root of the AST:
├── A_FUNCTION_DECLARATION, Lexico Idx: 14, Decl Idx: 14 -- Lexeme: 'main'
│   ├── A_PARAMETER_LIST, Lexico Idx: -1, Decl Idx: -1
│   │   ├── A_PARAMETER, Lexico Idx: 15, Decl Idx: 15 -- Lexeme: 'a'
│   │   └── A_PARAMETER, Lexico Idx: 16, Decl Idx: 16 -- Lexeme: 'b'
│   └── A_STATEMENT_LIST, Lexico Idx: -1, Decl Idx: -1
│   │   ├── A_RETURN_STATEMENT, Lexico Idx: -1, Decl Idx: -1
│   │   │   ├── A_INTEGER_LITERAL, Lexico Idx: 17, Decl Idx: -1 -- Lexeme: '0'
+------------------------------------------------------------------------+

