[Semantic Error] Redefinition error at example/compilation/errors/semantic/struct/undefined.arn:6:16.
  The identifier 'mois' is already defined in the current scope as a structure field.
  Consider renaming the identifier or altering the existing definition to resolve the conflict.

[Semantic Error] Field access error at example/compilation/errors/semantic/struct/undefined.arn:21:29.
  The field 'annee' does not exist in the struct 'date'.
  Ensure the field name is correct and defined within the struct type.

[Type Error] Type mismatch during assignement at example/compilation/errors/semantic/struct/undefined.arn:21:29.
  Cannot assign expression of type 'int' to struct field 'UNKNOWN' of type 'UNKNOWN'.
  Ensure the expression type matches the expected type for the struct field.

Verbose mode enabled. Printing tables and ast...

+----------------------------+
| Lexeme Table: 16 entries   |
+------------+----------------------+------------+------------+
| Index      | Lexeme               | Length     | Next       |
+------------+----------------------+------------+------------+
| 0          | int                  | 3          | 13         |
| 1          | float                | 5          | -1         |
| 2          | bool                 | 4          | -1         |
| 3          | char                 | 4          | 4          |
+------------+----------------------+------------+------------+
| 4          | date                 | 4          | -1         |
| 5          | jour                 | 4          | -1         |
| 6          | mois                 | 4          | -1         |
| 7          | personne             | 8          | -1         |
| 8          | naissance            | 9          | 12         |
| 9          | taille               | 6          | -1         |
| 10         | p                    | 1          | -1         |
| 11         | my_proc              | 7          | -1         |
| 12         | 5                    | 1          | -1         |
| 13         | 1.75                 | 4          | -1         |
| 14         | annee                | 5          | -1         |
| 15         | 21                   | 2          | -1         |
+------------+----------------------+------------+------------+

+--------------+
| Hash Table   |
+------------+----------------------+
| Hash       | Lexicographic Index  |
+------------+----------------------+
| 0          | 5                    |
| 3          | 15                   |
| 7          | 14                   |
| 10         | 7                    |
| 11         | 13                   |
| 12         | 2                    |
| 16         | 10                   |
| 21         | 12                   |
| 22         | 1                    |
| 24         | 6                    |
| 25         | 11                   |
| 27         | 9                    |
| 30         | 4                    |
+------------+----------------------+

+---------------------+
| Declaration Table   |
+------------+-----------------+------------+-----------------+-----------------+-----------------+
| Index      | Nature          | Suivant    | Région         | Description     | Exécution      |
+------------+-----------------+------------+-----------------+-----------------+-----------------+
| 0          | TYPE_BASE       | -1         | 0               | 0               | 1               |
| 1          | TYPE_BASE       | -1         | 0               | 1               | 1               |
| 2          | TYPE_BASE       | -1         | 0               | 2               | 1               |
| 3          | TYPE_BASE       | -1         | 0               | 3               | 1               |
+------------+-----------------+------------+-----------------+-----------------+-----------------+
| 4          | TYPE_STRUCT     | -1         | 0               | 0               | 3               |
| 7          | TYPE_STRUCT     | -1         | 0               | 10              | 4               |
| 10         | TYPE_VAR        | -1         | 0               | 7               | 0               |
| 11         | TYPE_PROC       | -1         | 0               | 17              | 1               |
+------------+-----------------+------------+-----------------+-----------------+-----------------+

+------------------------+
| Representation Table   |
+------------+----------------------+
| Index      | Value                |
+------------+----------------------+
| 0          | 3                    |
| 1          | 5                    |
| 2          | 0                    |
| 3          | 0                    |
| 4          | 6                    |
| 5          | 0                    |
| 6          | 1                    |
| 7          | 6                    |
| 8          | 0                    |
| 9          | 2                    |
| 10         | 2                    |
| 11         | 8                    |
| 12         | 4                    |
| 13         | 0                    |
| 14         | 9                    |
| 15         | 1                    |
| 16         | 3                    |
| 17         | 0                    |
+------------+----------------------+

+----------------+
| Region Table   |
+------------+------------+------------+------------+
| Index      | Size       | NIS        | AST        |
+------------+------------+------------+------------+
| 0          | 4          | 0          | -1         |
| 1          | 2          | 1          | -1         |
+------------+------------+------------+------------+

+----------------+
| Region 0 AST   |
+------------------------------------------------------------------------+
Root of the AST:
├── A_PROGRAM, Lexico Idx: -1, Decl Idx: -1
│   ├── A_DECLARATION_LIST, Lexico Idx: -1, Decl Idx: -1
│   │   ├── A_TYPE_STRUCT_DECLARATION, Lexico Idx: 4, Decl Idx: 4 -- Lexeme: 'date'
│   │   │   ├── A_STRUCT_FIELD_LIST, Lexico Idx: -1, Decl Idx: -1
│   │   │   │   ├── A_STRUCT_FIELD, Lexico Idx: 6, Decl Idx: 0 -- Lexeme: 'mois'
│   │   │   │   └── A_STRUCT_FIELD, Lexico Idx: 6, Decl Idx: 0 -- Lexeme: 'mois'
│   │   │   │   └── A_STRUCT_FIELD, Lexico Idx: 5, Decl Idx: 0 -- Lexeme: 'jour'
│   │   └── A_TYPE_STRUCT_DECLARATION, Lexico Idx: 7, Decl Idx: 7 -- Lexeme: 'personne'
│   │   │   ├── A_STRUCT_FIELD_LIST, Lexico Idx: -1, Decl Idx: -1
│   │   │   │   ├── A_STRUCT_FIELD, Lexico Idx: 9, Decl Idx: 1 -- Lexeme: 'taille'
│   │   │   │   └── A_STRUCT_FIELD, Lexico Idx: 8, Decl Idx: 4 -- Lexeme: 'naissance'
│   │   └── A_VARIABLE_DECLARATION, Lexico Idx: 10, Decl Idx: 10 -- Lexeme: 'p'
│   │   └── A_PROCEDURE_DECLARATION, Lexico Idx: 11, Decl Idx: 11 -- Lexeme: 'my_proc'
+------------------------------------------------------------------------+


+----------------+
| Region 1 AST   |
+------------------------------------------------------------------------+
Root of the AST:
├── A_PROCEDURE_DECLARATION, Lexico Idx: 11, Decl Idx: 11 -- Lexeme: 'my_proc'
│   ├── A_STATEMENT_LIST, Lexico Idx: -1, Decl Idx: -1
│   │   ├── A_ASSIGNMENT_STATEMENT, Lexico Idx: -1, Decl Idx: -1
│   │   │   ├── A_STRUCT_ASSIGNMENT, Lexico Idx: -1, Decl Idx: -1
│   │   │   │   ├── A_STRUCT_FIELD_ACCESS, Lexico Idx: 10, Decl Idx: 10 -- Lexeme: 'p'
│   │   │   │   │   ├── A_STRUCT_FIELD_ACCESS, Lexico Idx: 8, Decl Idx: -1 -- Lexeme: 'naissance'
│   │   │   │   │   │   ├── A_STRUCT_FIELD_ACCESS, Lexico Idx: 5, Decl Idx: -1 -- Lexeme: 'jour'
│   │   │   │   └── A_INTEGER_LITERAL, Lexico Idx: 12, Decl Idx: -1 -- Lexeme: '5'
│   │   └── A_ASSIGNMENT_STATEMENT, Lexico Idx: -1, Decl Idx: -1
│   │   │   ├── A_STRUCT_ASSIGNMENT, Lexico Idx: -1, Decl Idx: -1
│   │   │   │   ├── A_STRUCT_FIELD_ACCESS, Lexico Idx: 10, Decl Idx: 10 -- Lexeme: 'p'
│   │   │   │   │   ├── A_STRUCT_FIELD_ACCESS, Lexico Idx: 9, Decl Idx: -1 -- Lexeme: 'taille'
│   │   │   │   └── A_FLOAT_LITERAL, Lexico Idx: 13, Decl Idx: -1 -- Lexeme: '1.75'
│   │   └── A_ASSIGNMENT_STATEMENT, Lexico Idx: -1, Decl Idx: -1
│   │   │   ├── A_STRUCT_ASSIGNMENT, Lexico Idx: -1, Decl Idx: -1
│   │   │   │   ├── A_STRUCT_FIELD_ACCESS, Lexico Idx: 10, Decl Idx: 10 -- Lexeme: 'p'
│   │   │   │   │   ├── A_STRUCT_FIELD_ACCESS, Lexico Idx: 8, Decl Idx: -1 -- Lexeme: 'naissance'
│   │   │   │   │   │   ├── A_STRUCT_FIELD_ACCESS, Lexico Idx: 14, Decl Idx: -1 -- Lexeme: 'annee'
│   │   │   │   └── A_INTEGER_LITERAL, Lexico Idx: 15, Decl Idx: -1 -- Lexeme: '21'
+------------------------------------------------------------------------+

