[Type Error] Type mismatch for function return value at example/compilation/errors/semantic/func_proc/prototype/prototype.txt:16:23.
  Function returned value has type 'float', but it should be of type 'int'.
  Ensure the function return type matches the expected type.

Verbose mode enabled. Printing tables and ast...

+----------------------------+
| Lexeme Table: 11 entries   |
+------------+----------------------+------------+------------+
| Index      | Lexeme               | Length     | Next       |
+------------+----------------------+------------+------------+
| 0          | int                  | 3          | -1         |
| 1          | float                | 5          | -1         |
| 2          | bool                 | 4          | -1         |
| 3          | char                 | 4          | -1         |
+------------+----------------------+------------+------------+
| 4          | zero                 | 4          | -1         |
| 5          | 0.0                  | 3          | -1         |
| 6          | one                  | 3          | -1         |
| 7          | x                    | 1          | -1         |
| 8          | main                 | 4          | -1         |
| 9          | a                    | 1          | -1         |
| 10         | 45.0                 | 4          | -1         |
+------------+----------------------+------------+------------+

+--------------+
| Hash Table   |
+------------+----------------------+
| Hash       | Lexicographic Index  |
+------------+----------------------+
| 0          | 4                    |
| 1          | 9                    |
| 2          | 6                    |
| 5          | 8                    |
| 7          | 10                   |
| 11         | 0                    |
| 12         | 2                    |
| 14         | 5                    |
| 22         | 1                    |
| 24         | 7                    |
| 30         | 3                    |
+------------+----------------------+

+---------------------+
| Declaration Table   |
+------------+-----------------+------------+-----------------+-----------------+-----------------+
| Index      | Nature          | Suivant    | Région         | Description     | Exécution      |
+------------+-----------------+------------+-----------------+-----------------+-----------------+
| 0          | TYPE_BASE       | -1         | 0               | 0               | 1               |
| 1          | TYPE_BASE       | -1         | 0               | 1               | 1               |
| 2          | TYPE_BASE       | -1         | 0               | 2               | 1               |
| 3          | TYPE_BASE       | -1         | 0               | 3               | 1               |
+------------+-----------------+------------+-----------------+-----------------+-----------------+
| 4          | TYPE_FUNC       | -1         | 0               | 0               | 1               |
| 6          | TYPE_FUNC       | -1         | 0               | 2               | 2               |
| 7          | TYPE_PARAM      | 500        | 2               | 0               | 2               |
| 8          | TYPE_FUNC       | -1         | 0               | 6               | 3               |
| 9          | TYPE_PARAM      | -1         | 3               | 0               | 2               |
+------------+-----------------+------------+-----------------+-----------------+-----------------+
+------------+-----------------+------------+-----------------+-----------------+-----------------+
| 500        | TYPE_VAR        | -1         | 3               | 1               | 3               |
+------------+-----------------+------------+-----------------+-----------------+-----------------+

+------------------------+
| Representation Table   |
+------------+----------------------+
| Index      | Value                |
+------------+----------------------+
| 0          | 1                    |
| 1          | 0                    |
| 2          | 0                    |
| 3          | 1                    |
| 4          | 7                    |
| 5          | 0                    |
| 6          | 0                    |
| 7          | 1                    |
| 8          | 9                    |
| 9          | 0                    |
+------------+----------------------+

+----------------+
| Region Table   |
+------------+------------+------------+------------+
| Index      | Size       | NIS        | AST        |
+------------+------------+------------+------------+
| 0          | 0          | 0          | -1         |
| 1          | 2          | 1          | -1         |
| 2          | 3          | 1          | -1         |
| 3          | 4          | 1          | -1         |
+------------+------------+------------+------------+

+----------------+
| Region 0 AST   |
+------------------------------------------------------------------------+
Root of the AST:
├── A_PROGRAM, Lexico Idx: -1, Decl Idx: -1
│   ├── A_DECLARATION_LIST, Lexico Idx: -1, Decl Idx: -1
│   │   ├── A_FUNCTION_DECLARATION, Lexico Idx: 4, Decl Idx: 4 -- Lexeme: 'zero'
│   │   └── A_FUNCTION_DECLARATION, Lexico Idx: 6, Decl Idx: 6 -- Lexeme: 'one'
│   │   └── A_FUNCTION_DECLARATION, Lexico Idx: 8, Decl Idx: 8 -- Lexeme: 'main'
+------------------------------------------------------------------------+


+----------------+
| Region 1 AST   |
+------------------------------------------------------------------------+
Root of the AST:
├── A_FUNCTION_DECLARATION, Lexico Idx: 4, Decl Idx: 4 -- Lexeme: 'zero'
│   ├── A_STATEMENT_LIST, Lexico Idx: -1, Decl Idx: -1
│   │   ├── A_RETURN_STATEMENT, Lexico Idx: -1, Decl Idx: -1
│   │   │   ├── A_FLOAT_LITERAL, Lexico Idx: 5, Decl Idx: -1 -- Lexeme: '0.0'
+------------------------------------------------------------------------+


+----------------+
| Region 2 AST   |
+------------------------------------------------------------------------+
Root of the AST:
├── A_FUNCTION_DECLARATION, Lexico Idx: 6, Decl Idx: 6 -- Lexeme: 'one'
│   ├── A_PARAMETER_LIST, Lexico Idx: -1, Decl Idx: -1
│   │   ├── A_PARAMETER, Lexico Idx: 7, Decl Idx: 7 -- Lexeme: 'x'
│   └── A_STATEMENT_LIST, Lexico Idx: -1, Decl Idx: -1
│   │   ├── A_RETURN_STATEMENT, Lexico Idx: -1, Decl Idx: -1
│   │   │   ├── A_IDENTIFIER, Lexico Idx: 7, Decl Idx: 7 -- Lexeme: 'x'
+------------------------------------------------------------------------+


+----------------+
| Region 3 AST   |
+------------------------------------------------------------------------+
Root of the AST:
├── A_FUNCTION_DECLARATION, Lexico Idx: 8, Decl Idx: 8 -- Lexeme: 'main'
│   ├── A_PARAMETER_LIST, Lexico Idx: -1, Decl Idx: -1
│   │   ├── A_PARAMETER, Lexico Idx: 9, Decl Idx: 9 -- Lexeme: 'a'
│   └── A_DECLARATION_LIST, Lexico Idx: -1, Decl Idx: -1
│   │   ├── A_VARIABLE_DECLARATION, Lexico Idx: 7, Decl Idx: 500 -- Lexeme: 'x'
│   └── A_STATEMENT_LIST, Lexico Idx: -1, Decl Idx: -1
│   │   ├── A_ASSIGNMENT_STATEMENT, Lexico Idx: -1, Decl Idx: -1
│   │   │   ├── A_VARIABLE_ASSIGNMENT, Lexico Idx: 7, Decl Idx: 500 -- Lexeme: 'x'
│   │   │   │   ├── A_FLOAT_LITERAL, Lexico Idx: 10, Decl Idx: -1 -- Lexeme: '45.0'
│   │   └── A_RETURN_STATEMENT, Lexico Idx: -1, Decl Idx: -1
│   │   │   ├── A_ADD_OP, Lexico Idx: -1, Decl Idx: -1
│   │   │   │   ├── A_IDENTIFIER, Lexico Idx: 7, Decl Idx: 500 -- Lexeme: 'x'
│   │   │   │   └── A_FUNC_PROC_CALL_STATEMENT, Lexico Idx: 4, Decl Idx: 4 -- Lexeme: 'zero'
+------------------------------------------------------------------------+

