[Type Error] Type mismatch during operation '*' at example/compilation/errors/semantic/expression/expression.arn:44:23.
  Left operand type: 'int', right operand type: 'float'.
  Ensure both operands are of compatible types for the operation.

[Type Error] Type mismatch during assignement at example/compilation/errors/semantic/expression/expression.arn:44:23.
  Cannot assign expression of type 'UNKNOWN' to variable 'a' of type 'int'.
  Ensure that the expression type matches the expected type for the variable.

[Type Error] Type mismatch during operation '*' at example/compilation/errors/semantic/expression/expression.arn:45:19.
  Left operand type: 'int', right operand type: 'float'.
  Ensure both operands are of compatible types for the operation.

[Type Error] Type mismatch during operation '/' at example/compilation/errors/semantic/expression/expression.arn:45:19.
  Left operand type: 'UNKNOWN', right operand type: 'bool'.
  Ensure both operands are of compatible types for the operation.

[Type Error] Type mismatch during assignement at example/compilation/errors/semantic/expression/expression.arn:45:19.
  Cannot assign expression of type 'UNKNOWN' to variable 'a' of type 'int'.
  Ensure that the expression type matches the expected type for the variable.

[Type Error] Type mismatch during operation '*' at example/compilation/errors/semantic/expression/expression.arn:46:38.
  Left operand type: 'date', right operand type: 'int'.
  Ensure both operands are of compatible types for the operation.

[Type Error] Type mismatch during operation '+' at example/compilation/errors/semantic/expression/expression.arn:46:38.
  Left operand type: 'int', right operand type: 'UNKNOWN'.
  Ensure both operands are of compatible types for the operation.

[Type Error] Type mismatch during operation '+' at example/compilation/errors/semantic/expression/expression.arn:46:38.
  Left operand type: 'UNKNOWN', right operand type: 'int'.
  Ensure both operands are of compatible types for the operation.

[Type Error] Type mismatch during assignement at example/compilation/errors/semantic/expression/expression.arn:46:38.
  Cannot assign expression of type 'UNKNOWN' to variable 'x' of type 'int'.
  Ensure that the expression type matches the expected type for the variable.

Verbose mode enabled. Printing tables and ast...

+----------------------------+
| Lexeme Table: 29 entries   |
+------------+----------------------+------------+------------+
| Index      | Lexeme               | Length     | Next       |
+------------+----------------------+------------+------------+
| 0          | int                  | 3          | -1         |
| 1          | float                | 5          | 11         |
| 2          | bool                 | 4          | -1         |
| 3          | char                 | 4          | 6          |
+------------+----------------------+------------+------------+
| 4          | a                    | 1          | -1         |
| 5          | b                    | 1          | -1         |
| 6          | date                 | 4          | -1         |
| 7          | jour                 | 4          | 27         |
| 8          | mois                 | 4          | 22         |
| 9          | annee                | 5          | 26         |
| 10         | personne             | 8          | 21         |
| 11         | numero               | 6          | 20         |
| 12         | naissance            | 9          | 17         |
| 13         | age                  | 3          | -1         |
| 14         | taille               | 6          | 25         |
| 15         | elem                 | 4          | -1         |
| 16         | 1                    | 1          | -1         |
| 17         | 5                    | 1          | 19         |
| 18         | data                 | 4          | -1         |
| 19         | field1               | 6          | -1         |
| 20         | field2               | 6          | -1         |
| 21         | my_struct            | 9          | -1         |
| 22         | x                    | 1          | -1         |
| 23         | fois_deux            | 9          | -1         |
| 24         | 2                    | 1          | -1         |
| 25         | divise_par_deux      | 15         | -1         |
| 26         | g                    | 1          | -1         |
| 27         | true                 | 4          | -1         |
| 28         | 3                    | 1          | -1         |
+------------+----------------------+------------+------------+

+--------------+
| Hash Table   |
+------------+----------------------+
| Hash       | Lexicographic Index  |
+------------+----------------------+
| 0          | 27                   |
| 1          | 4                    |
| 2          | 5                    |
| 3          | 15                   |
| 6          | 23                   |
| 7          | 26                   |
| 10         | 21                   |
| 11         | 0                    |
| 12         | 2                    |
| 13         | 13                   |
| 17         | 16                   |
| 18         | 24                   |
| 19         | 28                   |
| 21         | 19                   |
| 22         | 20                   |
| 24         | 22                   |
| 26         | 18                   |
| 27         | 25                   |
| 30         | 6                    |
+------------+----------------------+

+---------------------+
| Declaration Table   |
+------------+-----------------+------------+-----------------+-----------------+-----------------+
| Index      | Nature          | Suivant    | Région         | Description     | Exécution      |
+------------+-----------------+------------+-----------------+-----------------+-----------------+
| 0          | TYPE_BASE       | -1         | 0               | 0               | 1               |
| 1          | TYPE_BASE       | -1         | 0               | 1               | 1               |
| 2          | TYPE_BASE       | -1         | 0               | 2               | 1               |
| 3          | TYPE_BASE       | -1         | 0               | 3               | 1               |
+------------+-----------------+------------+-----------------+-----------------+-----------------+
| 4          | TYPE_VAR        | 500        | 0               | 0               | 0               |
| 5          | TYPE_VAR        | -1         | 0               | 1               | 1               |
| 6          | TYPE_STRUCT     | -1         | 0               | 0               | 3               |
| 10         | TYPE_STRUCT     | -1         | 0               | 10              | 6               |
| 15         | TYPE_ARRAY      | -1         | 0               | 23              | 15              |
| 18         | TYPE_STRUCT     | -1         | 0               | 27              | 16              |
| 21         | TYPE_VAR        | -1         | 0               | 18              | 2               |
| 22         | TYPE_VAR        | -1         | 0               | 0               | 18              |
| 23         | TYPE_FUNC       | -1         | 0               | 34              | 1               |
| 25         | TYPE_FUNC       | -1         | 0               | 38              | 2               |
| 26         | TYPE_PARAM      | -1         | 2               | 0               | 2               |
+------------+-----------------+------------+-----------------+-----------------+-----------------+
+------------+-----------------+------------+-----------------+-----------------+-----------------+
| 500        | TYPE_PARAM      | -1         | 1               | 0               | 2               |
+------------+-----------------+------------+-----------------+-----------------+-----------------+

+------------------------+
| Representation Table   |
+------------+----------------------+
| Index      | Value                |
+------------+----------------------+
| 0          | 3                    |
| 1          | 7                    |
| 2          | 0                    |
| 3          | 0                    |
| 4          | 8                    |
| 5          | 0                    |
| 6          | 1                    |
| 7          | 9                    |
| 8          | 1                    |
| 9          | 2                    |
| 10         | 4                    |
| 11         | 11                   |
| 12         | 0                    |
| 13         | 0                    |
| 14         | 12                   |
| 15         | 6                    |
| 16         | 1                    |
| 17         | 13                   |
| 18         | 0                    |
| 19         | 4                    |
| 20         | 14                   |
| 21         | 1                    |
| 22         | 5                    |
| 23         | 6                    |
| 24         | 1                    |
| 25         | 1                    |
| 26         | 5                    |
| 27         | 2                    |
| 28         | 19                   |
| 29         | 15                   |
| 30         | 0                    |
| 31         | 20                   |
| 32         | 1                    |
| 33         | 15                   |
| 34         | 0                    |
| 35         | 1                    |
| 36         | 4                    |
| 37         | 0                    |
| 38         | 0                    |
| 39         | 1                    |
| 40         | 26                   |
| 41         | 0                    |
+------------+----------------------+

+----------------+
| Region Table   |
+------------+------------+------------+------------+
| Index      | Size       | NIS        | AST        |
+------------+------------+------------+------------+
| 0          | 19         | 0          | -1         |
| 1          | 3          | 1          | -1         |
| 2          | 3          | 1          | -1         |
+------------+------------+------------+------------+

+----------------+
| Region 0 AST   |
+------------------------------------------------------------------------+
Root of the AST:
├── A_PROGRAM, Lexico Idx: -1, Decl Idx: -1
│   ├── A_DECLARATION_LIST, Lexico Idx: -1, Decl Idx: -1
│   │   ├── A_VARIABLE_DECLARATION, Lexico Idx: 4, Decl Idx: 4 -- Lexeme: 'a'
│   │   └── A_VARIABLE_DECLARATION, Lexico Idx: 5, Decl Idx: 5 -- Lexeme: 'b'
│   │   └── A_TYPE_STRUCT_DECLARATION, Lexico Idx: 6, Decl Idx: 6 -- Lexeme: 'date'
│   │   │   ├── A_STRUCT_FIELD_LIST, Lexico Idx: -1, Decl Idx: -1
│   │   │   │   ├── A_STRUCT_FIELD, Lexico Idx: 9, Decl Idx: 1 -- Lexeme: 'annee'
│   │   │   │   └── A_STRUCT_FIELD, Lexico Idx: 8, Decl Idx: 0 -- Lexeme: 'mois'
│   │   │   │   └── A_STRUCT_FIELD, Lexico Idx: 7, Decl Idx: 0 -- Lexeme: 'jour'
│   │   └── A_TYPE_STRUCT_DECLARATION, Lexico Idx: 10, Decl Idx: 10 -- Lexeme: 'personne'
│   │   │   ├── A_STRUCT_FIELD_LIST, Lexico Idx: -1, Decl Idx: -1
│   │   │   │   ├── A_STRUCT_FIELD, Lexico Idx: 14, Decl Idx: 1 -- Lexeme: 'taille'
│   │   │   │   └── A_STRUCT_FIELD, Lexico Idx: 13, Decl Idx: 0 -- Lexeme: 'age'
│   │   │   │   └── A_STRUCT_FIELD, Lexico Idx: 12, Decl Idx: 6 -- Lexeme: 'naissance'
│   │   │   │   └── A_STRUCT_FIELD, Lexico Idx: 11, Decl Idx: 0 -- Lexeme: 'numero'
│   │   └── A_TYPE_ARRAY_DECLARATION, Lexico Idx: 15, Decl Idx: 15 -- Lexeme: 'elem'
│   │   └── A_TYPE_STRUCT_DECLARATION, Lexico Idx: 18, Decl Idx: 18 -- Lexeme: 'data'
│   │   │   ├── A_STRUCT_FIELD_LIST, Lexico Idx: -1, Decl Idx: -1
│   │   │   │   ├── A_STRUCT_FIELD, Lexico Idx: 20, Decl Idx: 1 -- Lexeme: 'field2'
│   │   │   │   └── A_STRUCT_FIELD, Lexico Idx: 19, Decl Idx: 15 -- Lexeme: 'field1'
│   │   └── A_VARIABLE_DECLARATION, Lexico Idx: 21, Decl Idx: 21 -- Lexeme: 'my_struct'
│   │   └── A_VARIABLE_DECLARATION, Lexico Idx: 22, Decl Idx: 22 -- Lexeme: 'x'
│   │   └── A_FUNCTION_DECLARATION, Lexico Idx: 23, Decl Idx: 23 -- Lexeme: 'fois_deux'
│   │   └── A_FUNCTION_DECLARATION, Lexico Idx: 25, Decl Idx: 25 -- Lexeme: 'divise_par_deux'
│   └── A_STATEMENT_LIST, Lexico Idx: -1, Decl Idx: -1
│   │   ├── A_ASSIGNMENT_STATEMENT, Lexico Idx: -1, Decl Idx: -1
│   │   │   ├── A_VARIABLE_ASSIGNMENT, Lexico Idx: 4, Decl Idx: 4 -- Lexeme: 'a'
│   │   │   │   ├── A_INTEGER_LITERAL, Lexico Idx: 24, Decl Idx: -1 -- Lexeme: '2'
│   │   └── A_ASSIGNMENT_STATEMENT, Lexico Idx: -1, Decl Idx: -1
│   │   │   ├── A_VARIABLE_ASSIGNMENT, Lexico Idx: 4, Decl Idx: 4 -- Lexeme: 'a'
│   │   │   │   ├── A_ADD_OP, Lexico Idx: -1, Decl Idx: -1
│   │   │   │   │   ├── A_FUNC_PROC_CALL_STATEMENT, Lexico Idx: 23, Decl Idx: 23 -- Lexeme: 'fois_deux'
│   │   │   │   │   │   ├── A_ARGUMENT_LIST, Lexico Idx: -1, Decl Idx: -1
│   │   │   │   │   │   │   ├── A_ARGUMENT, Lexico Idx: -1, Decl Idx: -1
│   │   │   │   │   │   │   │   ├── A_IDENTIFIER, Lexico Idx: 4, Decl Idx: 4 -- Lexeme: 'a'
│   │   │   │   │   └── A_FUNC_PROC_CALL_STATEMENT, Lexico Idx: 25, Decl Idx: 25 -- Lexeme: 'divise_par_deux'
│   │   │   │   │   │   ├── A_ARGUMENT_LIST, Lexico Idx: -1, Decl Idx: -1
│   │   │   │   │   │   │   ├── A_ARGUMENT, Lexico Idx: -1, Decl Idx: -1
│   │   │   │   │   │   │   │   ├── A_IDENTIFIER, Lexico Idx: 4, Decl Idx: 4 -- Lexeme: 'a'
│   │   └── A_ASSIGNMENT_STATEMENT, Lexico Idx: -1, Decl Idx: -1
│   │   │   ├── A_VARIABLE_ASSIGNMENT, Lexico Idx: 4, Decl Idx: 4 -- Lexeme: 'a'
│   │   │   │   ├── A_MUL_OP, Lexico Idx: -1, Decl Idx: -1
│   │   │   │   │   ├── A_FUNC_PROC_CALL_STATEMENT, Lexico Idx: 23, Decl Idx: 23 -- Lexeme: 'fois_deux'
│   │   │   │   │   │   ├── A_ARGUMENT_LIST, Lexico Idx: -1, Decl Idx: -1
│   │   │   │   │   │   │   ├── A_ARGUMENT, Lexico Idx: -1, Decl Idx: -1
│   │   │   │   │   │   │   │   ├── A_IDENTIFIER, Lexico Idx: 4, Decl Idx: 4 -- Lexeme: 'a'
│   │   │   │   │   └── A_IDENTIFIER, Lexico Idx: 5, Decl Idx: 5 -- Lexeme: 'b'
│   │   └── A_ASSIGNMENT_STATEMENT, Lexico Idx: -1, Decl Idx: -1
│   │   │   ├── A_VARIABLE_ASSIGNMENT, Lexico Idx: 4, Decl Idx: 4 -- Lexeme: 'a'
│   │   │   │   ├── A_DIV_OP, Lexico Idx: -1, Decl Idx: -1
│   │   │   │   │   ├── A_MUL_OP, Lexico Idx: -1, Decl Idx: -1
│   │   │   │   │   │   ├── A_IDENTIFIER, Lexico Idx: 4, Decl Idx: 4 -- Lexeme: 'a'
│   │   │   │   │   │   └── A_IDENTIFIER, Lexico Idx: 5, Decl Idx: 5 -- Lexeme: 'b'
│   │   │   │   │   └── A_BOOLEAN_LITERAL, Lexico Idx: 27, Decl Idx: -1 -- Lexeme: 'true'
│   │   └── A_ASSIGNMENT_STATEMENT, Lexico Idx: -1, Decl Idx: -1
│   │   │   ├── A_VARIABLE_ASSIGNMENT, Lexico Idx: 22, Decl Idx: 22 -- Lexeme: 'x'
│   │   │   │   ├── A_ADD_OP, Lexico Idx: -1, Decl Idx: -1
│   │   │   │   │   ├── A_ADD_OP, Lexico Idx: -1, Decl Idx: -1
│   │   │   │   │   │   ├── A_INTEGER_LITERAL, Lexico Idx: 17, Decl Idx: -1 -- Lexeme: '5'
│   │   │   │   │   │   └── A_MUL_OP, Lexico Idx: -1, Decl Idx: -1
│   │   │   │   │   │   │   ├── A_STRUCT_FIELD_ACCESS, Lexico Idx: 21, Decl Idx: 21 -- Lexeme: 'my_struct'
│   │   │   │   │   │   │   │   ├── A_ARRAY_ACCESS, Lexico Idx: 19, Decl Idx: 15 -- Lexeme: 'field1'
│   │   │   │   │   │   │   │   │   ├── A_ARRAY_INDEX_LIST, Lexico Idx: -1, Decl Idx: -1
│   │   │   │   │   │   │   │   │   │   ├── A_ARRAY_INDEX, Lexico Idx: -1, Decl Idx: -1
│   │   │   │   │   │   │   │   │   │   │   ├── A_INTEGER_LITERAL, Lexico Idx: 24, Decl Idx: -1 -- Lexeme: '2'
│   │   │   │   │   │   │   └── A_INTEGER_LITERAL, Lexico Idx: 24, Decl Idx: -1 -- Lexeme: '2'
│   │   │   │   │   └── A_INTEGER_LITERAL, Lexico Idx: 28, Decl Idx: -1 -- Lexeme: '3'
+------------------------------------------------------------------------+


+----------------+
| Region 1 AST   |
+------------------------------------------------------------------------+
Root of the AST:
├── A_FUNCTION_DECLARATION, Lexico Idx: 23, Decl Idx: 23 -- Lexeme: 'fois_deux'
│   ├── A_PARAMETER_LIST, Lexico Idx: -1, Decl Idx: -1
│   │   ├── A_PARAMETER, Lexico Idx: 4, Decl Idx: 500 -- Lexeme: 'a'
│   └── A_STATEMENT_LIST, Lexico Idx: -1, Decl Idx: -1
│   │   ├── A_ASSIGNMENT_STATEMENT, Lexico Idx: -1, Decl Idx: -1
│   │   │   ├── A_VARIABLE_ASSIGNMENT, Lexico Idx: 4, Decl Idx: 500 -- Lexeme: 'a'
│   │   │   │   ├── A_MUL_OP, Lexico Idx: -1, Decl Idx: -1
│   │   │   │   │   ├── A_IDENTIFIER, Lexico Idx: 4, Decl Idx: 500 -- Lexeme: 'a'
│   │   │   │   │   └── A_INTEGER_LITERAL, Lexico Idx: 24, Decl Idx: -1 -- Lexeme: '2'
│   │   └── A_RETURN_STATEMENT, Lexico Idx: -1, Decl Idx: -1
│   │   │   ├── A_IDENTIFIER, Lexico Idx: 4, Decl Idx: 500 -- Lexeme: 'a'
+------------------------------------------------------------------------+


+----------------+
| Region 2 AST   |
+------------------------------------------------------------------------+
Root of the AST:
├── A_FUNCTION_DECLARATION, Lexico Idx: 25, Decl Idx: 25 -- Lexeme: 'divise_par_deux'
│   ├── A_PARAMETER_LIST, Lexico Idx: -1, Decl Idx: -1
│   │   ├── A_PARAMETER, Lexico Idx: 26, Decl Idx: 26 -- Lexeme: 'g'
│   └── A_STATEMENT_LIST, Lexico Idx: -1, Decl Idx: -1
│   │   ├── A_ASSIGNMENT_STATEMENT, Lexico Idx: -1, Decl Idx: -1
│   │   │   ├── A_VARIABLE_ASSIGNMENT, Lexico Idx: 26, Decl Idx: 26 -- Lexeme: 'g'
│   │   │   │   ├── A_DIV_OP, Lexico Idx: -1, Decl Idx: -1
│   │   │   │   │   ├── A_IDENTIFIER, Lexico Idx: 26, Decl Idx: 26 -- Lexeme: 'g'
│   │   │   │   │   └── A_INTEGER_LITERAL, Lexico Idx: 24, Decl Idx: -1 -- Lexeme: '2'
│   │   └── A_RETURN_STATEMENT, Lexico Idx: -1, Decl Idx: -1
│   │   │   ├── A_IDENTIFIER, Lexico Idx: 26, Decl Idx: 26 -- Lexeme: 'g'
+------------------------------------------------------------------------+

