[Semantic Error] Argument mismatch in format string at examples/compilation/errors/semantic/func_proc/predefined/print_proc.arn:7:32.
  Format string expects 1 arguments, but 2 were provided.
  Ensure the correct number of arguments are passed to match the format string.

[Semantic Error] Argument mismatch in format string at examples/compilation/errors/semantic/func_proc/predefined/print_proc.arn:8:35.
  Format string expects 2 arguments, but 1 were provided.
  Ensure the correct number of arguments are passed to match the format string.

[Type Error] Type mismatch for argument 2 at examples/compilation/errors/semantic/func_proc/predefined/print_proc.arn:9:43.
  Argument '2' has type '"Hello %d"', but specifier 'f' expects a different type.
  Ensure the argument type matches the expected type for the specifier.

[Semantic Error] Argument mismatch in format string at examples/compilation/errors/semantic/func_proc/predefined/print_proc.arn:10:31.
  Format string expects 2 arguments, but 0 were provided.
  Ensure the correct number of arguments are passed to match the format string.

Verbose mode enabled. Printing tables and ast...

+----------------------------+
| Lexeme Table: 11 entries   |
+------------+----------------------+------------+------------+
| Index      | Lexeme               | Length     | Next       |
+------------+----------------------+------------+------------+
| 0          | int                  | 3          | -1         |
| 1          | float                | 5          | -1         |
| 2          | bool                 | 4          | 7          |
| 3          | char                 | 4          | -1         |
+------------+----------------------+------------+------------+
| 4          | "Hello %d"           | 10         | -1         |
| 5          | 42                   | 2          | -1         |
| 6          | "Hello %d, here is %s" | 22         | 10         |
| 7          | "world"              | 7          | -1         |
| 8          | "extra"              | 7          | -1         |
| 9          | "Hello %d, here is %f" | 22         | -1         |
| 10         | "oops"               | 6          | -1         |
+------------+----------------------+------------+------------+

+--------------+
| Hash Table   |
+------------+----------------------+
| Hash       | Lexicographic Index  |
+------------+----------------------+
| 1          | 4                    |
| 5          | 10                   |
| 6          | 5                    |
| 8          | 8                    |
| 11         | 0                    |
| 12         | 7                    |
| 22         | 1                    |
| 24         | 9                    |
| 30         | 3                    |
+------------+----------------------+

+---------------------+
| Declaration Table   |
+------------+-----------------+------------+-----------------+-----------------+-----------------+
| Index      | Nature          | Suivant    | Région         | Description     | Exécution      |
+------------+-----------------+------------+-----------------+-----------------+-----------------+
| 0          | TYPE_BASE       | -1         | 0               | 0               | 1               |
| 1          | TYPE_BASE       | -1         | 0               | 1               | 1               |
| 2          | TYPE_BASE       | -1         | 0               | 2               | 1               |
| 3          | TYPE_BASE       | -1         | 0               | 3               | 1               |
+------------+-----------------+------------+-----------------+-----------------+-----------------+
+------------+-----------------+------------+-----------------+-----------------+-----------------+

+------------------------+
| Representation Table   |
+------------+----------------------+
| Index      | Value                |
+------------+----------------------+
+------------+----------------------+

+----------------+
| Region Table   |
+------------+------------+------------+------------+
| Index      | Size       | NIS        | AST        |
+------------+------------+------------+------------+
| 0          | 0          | 0          | -1         |
+------------+------------+------------+------------+

+----------------+
| Region 0 AST   |
+------------------------------------------------------------------------+
Root of the AST:
├── A_PROGRAM, Lexico Idx: -1, Decl Idx: -1
│   ├── A_DECLARATION_LIST, Lexico Idx: -1, Decl Idx: -1
│   └── A_STATEMENT_LIST, Lexico Idx: -1, Decl Idx: -1
│   │   ├── A_PRINT_STATEMENT, Lexico Idx: -1, Decl Idx: -1
│   │   │   ├── A_ARGUMENT_LIST, Lexico Idx: -1, Decl Idx: -1
│   │   │   │   ├── A_ARGUMENT, Lexico Idx: -1, Decl Idx: -1
│   │   │   │   │   ├── A_INTEGER_LITERAL, Lexico Idx: 5, Decl Idx: -1 -- Lexeme: '42'
│   │   │   └── A_FORMAT_STRING, Lexico Idx: 4, Decl Idx: -1 -- Lexeme: '"Hello %d"'
│   │   └── A_PRINT_STATEMENT, Lexico Idx: -1, Decl Idx: -1
│   │   │   ├── A_ARGUMENT_LIST, Lexico Idx: -1, Decl Idx: -1
│   │   │   │   ├── A_ARGUMENT, Lexico Idx: -1, Decl Idx: -1
│   │   │   │   │   ├── A_INTEGER_LITERAL, Lexico Idx: 5, Decl Idx: -1 -- Lexeme: '42'
│   │   │   │   └── A_ARGUMENT, Lexico Idx: -1, Decl Idx: -1
│   │   │   │   │   ├── A_STRING_LITERAL, Lexico Idx: 7, Decl Idx: -1 -- Lexeme: '"world"'
│   │   │   └── A_FORMAT_STRING, Lexico Idx: 6, Decl Idx: -1 -- Lexeme: '"Hello %d, here is %s"'
│   │   └── A_PRINT_STATEMENT, Lexico Idx: -1, Decl Idx: -1
│   │   │   ├── A_ARGUMENT_LIST, Lexico Idx: -1, Decl Idx: -1
│   │   │   │   ├── A_ARGUMENT, Lexico Idx: -1, Decl Idx: -1
│   │   │   │   │   ├── A_INTEGER_LITERAL, Lexico Idx: 5, Decl Idx: -1 -- Lexeme: '42'
│   │   │   │   └── A_ARGUMENT, Lexico Idx: -1, Decl Idx: -1
│   │   │   │   │   ├── A_STRING_LITERAL, Lexico Idx: 8, Decl Idx: -1 -- Lexeme: '"extra"'
│   │   │   └── A_FORMAT_STRING, Lexico Idx: 4, Decl Idx: -1 -- Lexeme: '"Hello %d"'
│   │   └── A_PRINT_STATEMENT, Lexico Idx: -1, Decl Idx: -1
│   │   │   ├── A_ARGUMENT_LIST, Lexico Idx: -1, Decl Idx: -1
│   │   │   │   ├── A_ARGUMENT, Lexico Idx: -1, Decl Idx: -1
│   │   │   │   │   ├── A_INTEGER_LITERAL, Lexico Idx: 5, Decl Idx: -1 -- Lexeme: '42'
│   │   │   └── A_FORMAT_STRING, Lexico Idx: 6, Decl Idx: -1 -- Lexeme: '"Hello %d, here is %s"'
│   │   └── A_PRINT_STATEMENT, Lexico Idx: -1, Decl Idx: -1
│   │   │   ├── A_ARGUMENT_LIST, Lexico Idx: -1, Decl Idx: -1
│   │   │   │   ├── A_ARGUMENT, Lexico Idx: -1, Decl Idx: -1
│   │   │   │   │   ├── A_INTEGER_LITERAL, Lexico Idx: 5, Decl Idx: -1 -- Lexeme: '42'
│   │   │   │   └── A_ARGUMENT, Lexico Idx: -1, Decl Idx: -1
│   │   │   │   │   ├── A_STRING_LITERAL, Lexico Idx: 10, Decl Idx: -1 -- Lexeme: '"oops"'
│   │   │   └── A_FORMAT_STRING, Lexico Idx: 9, Decl Idx: -1 -- Lexeme: '"Hello %d, here is %f"'
│   │   └── A_PRINT_STATEMENT, Lexico Idx: -1, Decl Idx: -1
│   │   │   ├── A_FORMAT_STRING, Lexico Idx: 6, Decl Idx: -1 -- Lexeme: '"Hello %d, here is %s"'
+------------------------------------------------------------------------+

